INFO: [Common 17-3922] A valid Vivado Design Suite BASIC license has been detected. Your current license is active and will expire on 07-sep-2027.
#-----------------------------------------------------------
# Vivado v2026.1 (64-bit)
# SW Build 6511674 on Tue Jun 16 11:01:26 MDT 2026
# IP Build 6504888 on Tue Jun 09 09:05:25 MDT 2026
# SharedData Build 6501428 on Mon Jun 08 17:34:18 MDT 2026
# Start of session at: Mon Sep 14 05:29:40 2026
# Process ID         : 728
# Current directory  : /
# Command line       : vivado -mode batch -source /home/user/Workspace/ece2/lab1/lab1_01_logic_gates/tools/build_bitstream.tcl -log /home/user/Workspace/ece2/lab1/lab1_01_logic_gates/tools/build_bitstream.log -journal /home/user/Workspace/ece2/lab1/lab1_01_logic_gates/tools/build_bitstream.jou
# Log file           : /home/user/Workspace/ece2/lab1/lab1_01_logic_gates/tools/build_bitstream.log
# Journal file       : /home/user/Workspace/ece2/lab1/lab1_01_logic_gates/tools/build_bitstream.jou
# Running On         : 294c3f844a88
# Platform           : Ubuntu
# Operating System   : Ubuntu 22.04.5 LTS
# Processor Detail   : VirtualApple @ 2.50GHz
# CPU Frequency      : 2502.057 MHz
# CPU Physical cores : 8
# CPU Logical cores  : 8
# Host memory        : 10418 MB
# Swap memory        : 4294 MB
# Total Virtual      : 14713 MB
# Available Virtual  : 12131 MB
#-----------------------------------------------------------
source /home/user/Workspace/ece2/lab1/lab1_01_logic_gates/tools/build_bitstream.tcl
# set part xc7s75fgga484-1
# set proj_root [file normalize [file join [file dirname [info script]] ..]]
# create_project -force lab1_01_logic_gates $proj_root/vivado -part $part
# add_files -norecurse $proj_root/src/logic_gate.v
# add_files -fileset constrs_1 -norecurse $proj_root/constraints/logic_gate.xdc
# set_property top logic_gate [current_fileset]
# update_compile_order -fileset sources_1
# launch_runs synth_1 -jobs 4
[Mon Sep 14 05:29:55 2026] Launched synth_1...
Run output will be captured here: /home/user/Workspace/ece2/lab1/lab1_01_logic_gates/vivado/lab1_01_logic_gates.runs/synth_1/runme.log
# wait_on_run synth_1
[Mon Sep 14 05:29:55 2026] Waiting for synth_1 to finish...

*** Running vivado
    with args -log logic_gate.vds -m64 -product Vivado -mode batch -messageDb vivado.pb -notrace -source logic_gate.tcl

INFO: [Common 17-3922] A valid Vivado Design Suite BASIC license has been detected. Your current license is active and will expire on 07-sep-2027.
#-----------------------------------------------------------
# Vivado v2026.1 (64-bit)
# SW Build 6511674 on Tue Jun 16 11:01:26 MDT 2026
# IP Build 6504888 on Tue Jun 09 09:05:25 MDT 2026
# SharedData Build 6501428 on Mon Jun 08 17:34:18 MDT 2026
# Start of session at: Mon Sep 14 05:30:04 2026
# Process ID         : 864
# Current directory  : /home/user/Workspace/ece2/lab1/lab1_01_logic_gates/vivado/lab1_01_logic_gates.runs/synth_1
# Command line       : vivado -log logic_gate.vds -product Vivado -mode batch -messageDb vivado.pb -notrace -source logic_gate.tcl
# Log file           : /home/user/Workspace/ece2/lab1/lab1_01_logic_gates/vivado/lab1_01_logic_gates.runs/synth_1/logic_gate.vds
# Journal file       : /home/user/Workspace/ece2/lab1/lab1_01_logic_gates/vivado/lab1_01_logic_gates.runs/synth_1/vivado.jou
# Running On         : 294c3f844a88
# Platform           : Ubuntu
# Operating System   : Ubuntu 22.04.5 LTS
# Processor Detail   : VirtualApple @ 2.50GHz
# CPU Frequency      : 2502.057 MHz
# CPU Physical cores : 8
# CPU Logical cores  : 8
# Host memory        : 10418 MB
# Swap memory        : 4294 MB
# Total Virtual      : 14713 MB
# Available Virtual  : 11224 MB
#-----------------------------------------------------------

****** Vivado v2026.1 (64-bit)
  **** SW Build 6511674 on Tue Jun 16 11:01:26 MDT 2026
  **** IP Build 6504888 on Tue Jun 09 09:05:25 MDT 2026
  **** SharedData Build 6501428 on Mon Jun 08 17:34:18 MDT 2026
  **** Start of session at: Mon Sep 14 05:30:04 2026
    ** Copyright 1986-2022 Xilinx, Inc. All Rights Reserved.
    ** Copyright 2022-2026 Advanced Micro Devices, Inc. All Rights Reserved.

source logic_gate.tcl -notrace
Command: synth_design -top logic_gate -part xc7s75fgga484-1
Starting synth_design
Attempting to get a license for feature 'Vivado_Synthesis' and/or device 'xc7s75'
INFO: [Common 17-349] Got license for feature 'Vivado_Synthesis' and/or device 'xc7s75'
INFO: [Device 21-403] Loading part xc7s75fgga484-1
INFO: [Designutils 20-5008] Incremental synthesis strategy default
INFO: [Synth 8-7079] Multithreading enabled for synth_design using a maximum of 7 processes.
INFO: [Synth 8-7078] Launching helper process for spawning children vivado processes
INFO: [Synth 8-7075] Helper process launched with PID 893
---------------------------------------------------------------------------------
Starting RTL Elaboration : Time (s): cpu = 00:00:05 ; elapsed = 00:00:06 . Memory (MB): peak = 2975.609 ; gain = 514.371 ; free physical = 3867 ; free virtual = 9177
---------------------------------------------------------------------------------
INFO: [Synth 8-6157] synthesizing module 'logic_gate' [/home/user/Workspace/ece2/lab1/lab1_01_logic_gates/src/logic_gate.v:3]
INFO: [Synth 8-6155] done synthesizing module 'logic_gate' (0#1) [/home/user/Workspace/ece2/lab1/lab1_01_logic_gates/src/logic_gate.v:3]
---------------------------------------------------------------------------------
Finished RTL Elaboration : Time (s): cpu = 00:00:08 ; elapsed = 00:00:09 . Memory (MB): peak = 3062.801 ; gain = 601.562 ; free physical = 3324 ; free virtual = 8901
---------------------------------------------------------------------------------
---------------------------------------------------------------------------------
Start Handling Custom Attributes
---------------------------------------------------------------------------------
---------------------------------------------------------------------------------
Finished Handling Custom Attributes : Time (s): cpu = 00:00:08 ; elapsed = 00:00:09 . Memory (MB): peak = 3080.770 ; gain = 619.531 ; free physical = 3316 ; free virtual = 8893
---------------------------------------------------------------------------------
---------------------------------------------------------------------------------
Finished RTL Optimization Phase 1 : Time (s): cpu = 00:00:08 ; elapsed = 00:00:09 . Memory (MB): peak = 3080.770 ; gain = 619.531 ; free physical = 3316 ; free virtual = 8893
---------------------------------------------------------------------------------
Netlist sorting complete. Time (s): cpu = 00:00:00 ; elapsed = 00:00:00.01 . Memory (MB): peak = 3081.312 ; gain = 0.043 ; free physical = 3316 ; free virtual = 8893
INFO: [Project 1-570] Preparing netlist for logic optimization

Processing XDC Constraints
Initializing timing engine
Parsing XDC File [/home/user/Workspace/ece2/lab1/lab1_01_logic_gates/constraints/logic_gate.xdc]
Finished Parsing XDC File [/home/user/Workspace/ece2/lab1/lab1_01_logic_gates/constraints/logic_gate.xdc]
INFO: [Project 1-236] Implementation specific constraints were found while reading constraint file [/home/user/Workspace/ece2/lab1/lab1_01_logic_gates/constraints/logic_gate.xdc]. These constraints will be ignored for synthesis but will be used in implementation. Impacted constraints are listed in the file [.Xil/logic_gate_propImpl.xdc].
Resolution: To avoid this warning, move constraints listed in [.Xil/logic_gate_propImpl.xdc] to another XDC file and exclude this new file from synthesis with the used_in_synthesis property (File Properties dialog in GUI) and re-run elaboration/synthesis.
Completed Processing XDC Constraints

Netlist sorting complete. Time (s): cpu = 00:00:00 ; elapsed = 00:00:00 . Memory (MB): peak = 3133.453 ; gain = 0.000 ; free physical = 3282 ; free virtual = 8875
INFO: [Project 1-111] Unisim Transformation Summary:
No Unisim elements were transformed.

Constraint Validation Runtime : Time (s): cpu = 00:00:00 ; elapsed = 00:00:00.01 . Memory (MB): peak = 3135.762 ; gain = 0.000 ; free physical = 3279 ; free virtual = 8873
---------------------------------------------------------------------------------
Finished Constraint Validation : Time (s): cpu = 00:00:16 ; elapsed = 00:00:17 . Memory (MB): peak = 3135.762 ; gain = 674.523 ; free physical = 3272 ; free virtual = 8867
---------------------------------------------------------------------------------
---------------------------------------------------------------------------------
Start Loading Part and Timing Information
---------------------------------------------------------------------------------
Loading part: xc7s75fgga484-1
---------------------------------------------------------------------------------
Finished Loading Part and Timing Information : Time (s): cpu = 00:00:16 ; elapsed = 00:00:17 . Memory (MB): peak = 3143.441 ; gain = 682.203 ; free physical = 3272 ; free virtual = 8867
---------------------------------------------------------------------------------
---------------------------------------------------------------------------------
Start Applying 'set_property' XDC Constraints
---------------------------------------------------------------------------------
---------------------------------------------------------------------------------
Finished applying 'set_property' XDC Constraints : Time (s): cpu = 00:00:16 ; elapsed = 00:00:18 . Memory (MB): peak = 3143.500 ; gain = 682.262 ; free physical = 3272 ; free virtual = 8867
---------------------------------------------------------------------------------
---------------------------------------------------------------------------------
Finished RTL Optimization Phase 2 : Time (s): cpu = 00:00:17 ; elapsed = 00:00:18 . Memory (MB): peak = 3143.930 ; gain = 682.691 ; free physical = 3266 ; free virtual = 8861
---------------------------------------------------------------------------------
---------------------------------------------------------------------------------
Start RTL Component Statistics 
---------------------------------------------------------------------------------
Detailed RTL Component Info : 
+---XORs : 
	   2 Input      1 Bit         XORs := 1     
---------------------------------------------------------------------------------
Finished RTL Component Statistics 
---------------------------------------------------------------------------------
---------------------------------------------------------------------------------
Start Part Resource Summary
---------------------------------------------------------------------------------
Part Resources:
DSPs: 140 (col length:80)
BRAMs: 180 (col length: RAMB18 80 RAMB36 40)
---------------------------------------------------------------------------------
Finished Part Resource Summary
---------------------------------------------------------------------------------
---------------------------------------------------------------------------------
Start Cross Boundary and Area Optimization
---------------------------------------------------------------------------------
---------------------------------------------------------------------------------
Finished Cross Boundary and Area Optimization : Time (s): cpu = 00:00:18 ; elapsed = 00:00:19 . Memory (MB): peak = 3144.598 ; gain = 683.359 ; free physical = 3259 ; free virtual = 8854
---------------------------------------------------------------------------------
---------------------------------------------------------------------------------
Start Applying XDC Timing Constraints
---------------------------------------------------------------------------------
---------------------------------------------------------------------------------
Finished Applying XDC Timing Constraints : Time (s): cpu = 00:00:25 ; elapsed = 00:00:27 . Memory (MB): peak = 3241.711 ; gain = 780.473 ; free physical = 3162 ; free virtual = 8762
---------------------------------------------------------------------------------
---------------------------------------------------------------------------------
Start Timing Optimization
---------------------------------------------------------------------------------
---------------------------------------------------------------------------------
Finished Timing Optimization : Time (s): cpu = 00:00:25 ; elapsed = 00:00:27 . Memory (MB): peak = 3241.734 ; gain = 780.496 ; free physical = 3162 ; free virtual = 8762
---------------------------------------------------------------------------------
---------------------------------------------------------------------------------
Start Technology Mapping
---------------------------------------------------------------------------------
---------------------------------------------------------------------------------
Finished Technology Mapping : Time (s): cpu = 00:00:25 ; elapsed = 00:00:28 . Memory (MB): peak = 3251.949 ; gain = 790.711 ; free physical = 3152 ; free virtual = 8753
---------------------------------------------------------------------------------
---------------------------------------------------------------------------------
Start IO Insertion
---------------------------------------------------------------------------------
---------------------------------------------------------------------------------
Start Flattening Before IO Insertion
---------------------------------------------------------------------------------
---------------------------------------------------------------------------------
Finished Flattening Before IO Insertion
---------------------------------------------------------------------------------
---------------------------------------------------------------------------------
Start Final Netlist Cleanup
---------------------------------------------------------------------------------
---------------------------------------------------------------------------------
Finished Final Netlist Cleanup
---------------------------------------------------------------------------------
---------------------------------------------------------------------------------
Finished IO Insertion : Time (s): cpu = 00:00:29 ; elapsed = 00:00:32 . Memory (MB): peak = 3457.918 ; gain = 996.680 ; free physical = 2942 ; free virtual = 8543
---------------------------------------------------------------------------------
---------------------------------------------------------------------------------
Start Renaming Generated Instances
---------------------------------------------------------------------------------
---------------------------------------------------------------------------------
Finished Renaming Generated Instances : Time (s): cpu = 00:00:29 ; elapsed = 00:00:32 . Memory (MB): peak = 3457.934 ; gain = 996.695 ; free physical = 2942 ; free virtual = 8543
---------------------------------------------------------------------------------
---------------------------------------------------------------------------------
Start Rebuilding User Hierarchy
---------------------------------------------------------------------------------
---------------------------------------------------------------------------------
Finished Rebuilding User Hierarchy : Time (s): cpu = 00:00:29 ; elapsed = 00:00:32 . Memory (MB): peak = 3457.965 ; gain = 996.727 ; free physical = 2942 ; free virtual = 8543
---------------------------------------------------------------------------------
---------------------------------------------------------------------------------
Start Renaming Generated Ports
---------------------------------------------------------------------------------
---------------------------------------------------------------------------------
Finished Renaming Generated Ports : Time (s): cpu = 00:00:29 ; elapsed = 00:00:32 . Memory (MB): peak = 3457.973 ; gain = 996.734 ; free physical = 2942 ; free virtual = 8543
---------------------------------------------------------------------------------
---------------------------------------------------------------------------------
Start Handling Custom Attributes
---------------------------------------------------------------------------------
---------------------------------------------------------------------------------
Finished Handling Custom Attributes : Time (s): cpu = 00:00:29 ; elapsed = 00:00:32 . Memory (MB): peak = 3457.988 ; gain = 996.750 ; free physical = 2942 ; free virtual = 8543
---------------------------------------------------------------------------------
---------------------------------------------------------------------------------
Start Renaming Generated Nets
---------------------------------------------------------------------------------
---------------------------------------------------------------------------------
Finished Renaming Generated Nets : Time (s): cpu = 00:00:29 ; elapsed = 00:00:32 . Memory (MB): peak = 3457.992 ; gain = 996.754 ; free physical = 2942 ; free virtual = 8543
---------------------------------------------------------------------------------
---------------------------------------------------------------------------------
Start Writing Synthesis Report
---------------------------------------------------------------------------------

Report BlackBoxes: 
+-+--------------+----------+
| |BlackBox name |Instances |
+-+--------------+----------+
+-+--------------+----------+

Report Cell Usage: 
+------+-----+------+
|      |Cell |Count |
+------+-----+------+
|1     |LUT2 |     3|
|2     |IBUF |     2|
|3     |OBUF |     3|
+------+-----+------+
---------------------------------------------------------------------------------
Finished Writing Synthesis Report : Time (s): cpu = 00:00:29 ; elapsed = 00:00:32 . Memory (MB): peak = 3458.020 ; gain = 996.781 ; free physical = 2942 ; free virtual = 8543
---------------------------------------------------------------------------------
Synthesis finished with 0 errors, 0 critical warnings and 0 warnings.
Synthesis Optimization Runtime : Time (s): cpu = 00:00:27 ; elapsed = 00:00:29 . Memory (MB): peak = 3458.059 ; gain = 941.828 ; free physical = 2942 ; free virtual = 8543
Synthesis Optimization Complete : Time (s): cpu = 00:00:30 ; elapsed = 00:00:32 . Memory (MB): peak = 3458.090 ; gain = 996.820 ; free physical = 2942 ; free virtual = 8543
INFO: [Project 1-571] Translating synthesized netlist
Netlist sorting complete. Time (s): cpu = 00:00:00 ; elapsed = 00:00:00 . Memory (MB): peak = 3458.176 ; gain = 0.008 ; free physical = 2942 ; free virtual = 8545
INFO: [Project 1-570] Preparing netlist for logic optimization
INFO: [Opt 31-138] Pushed 0 inverter(s) to 0 load pin(s).
Netlist sorting complete. Time (s): cpu = 00:00:00 ; elapsed = 00:00:00 . Memory (MB): peak = 3515.762 ; gain = 0.000 ; free physical = 3240 ; free virtual = 8847
INFO: [Project 1-111] Unisim Transformation Summary:
No Unisim elements were transformed.

Synth Design complete | Checksum: 9ee6ce95
INFO: [Common 17-83] Releasing license: Vivado_Synthesis
16 Infos, 0 Warnings, 0 Critical Warnings and 0 Errors encountered.
synth_design completed successfully
synth_design: Time (s): cpu = 00:00:42 ; elapsed = 00:00:41 . Memory (MB): peak = 3517.809 ; gain = 1224.480 ; free physical = 3225 ; free virtual = 8833
INFO: [Common 17-2834] synth_design peak Physical Memory [PSS] (MB): overall = 2702.694; main = 2213.562; forked = 542.144
INFO: [Common 17-2834] synth_design peak Virtual Memory [VSS] (MB): overall = 5695.207; main = 3516.137; forked = 2561.480
Write ShapeDB Complete: Time (s): cpu = 00:00:00.02 ; elapsed = 00:00:00.03 . Memory (MB): peak = 3541.641 ; gain = 0.270 ; free physical = 3225 ; free virtual = 8833
INFO: [Common 17-1381] The checkpoint '/home/user/Workspace/ece2/lab1/lab1_01_logic_gates/vivado/lab1_01_logic_gates.runs/synth_1/logic_gate.dcp' has been generated.
INFO: [Vivado 12-24828] Executing command : report_utilization -file logic_gate_utilization_synth.rpt -pb logic_gate_utilization_synth.pb
INFO: [Common 17-206] Exiting Vivado at Mon Sep 14 05:30:57 2026...
[Mon Sep 14 05:30:58 2026] synth_1 finished
wait_on_runs: Time (s): cpu = 00:01:11 ; elapsed = 00:01:03 . Memory (MB): peak = 2296.457 ; gain = 0.000 ; free physical = 5241 ; free virtual = 10854
# if {[get_property PROGRESS [get_runs synth_1]] != "100%"} {
#     error "synth_1 실패: [get_property STATUS [get_runs synth_1]]"
# }
# launch_runs impl_1 -to_step write_bitstream -jobs 4
[Mon Sep 14 05:30:58 2026] Launched impl_1...
Run output will be captured here: /home/user/Workspace/ece2/lab1/lab1_01_logic_gates/vivado/lab1_01_logic_gates.runs/impl_1/runme.log
# wait_on_run impl_1
[Mon Sep 14 05:30:58 2026] Waiting for impl_1 to finish...

*** Running vivado
    with args -log logic_gate.vdi -applog -m64 -product Vivado -messageDb vivado.pb -mode batch -source logic_gate.tcl -notrace

INFO: [Common 17-3922] A valid Vivado Design Suite BASIC license has been detected. Your current license is active and will expire on 07-sep-2027.
#-----------------------------------------------------------
# Vivado v2026.1 (64-bit)
# SW Build 6511674 on Tue Jun 16 11:01:26 MDT 2026
# IP Build 6504888 on Tue Jun 09 09:05:25 MDT 2026
# SharedData Build 6501428 on Mon Jun 08 17:34:18 MDT 2026
# Start of session at: Mon Sep 14 05:31:08 2026
# Process ID         : 1095
# Current directory  : /home/user/Workspace/ece2/lab1/lab1_01_logic_gates/vivado/lab1_01_logic_gates.runs/impl_1
# Command line       : vivado -log logic_gate.vdi -applog -product Vivado -messageDb vivado.pb -mode batch -source logic_gate.tcl -notrace
# Log file           : /home/user/Workspace/ece2/lab1/lab1_01_logic_gates/vivado/lab1_01_logic_gates.runs/impl_1/logic_gate.vdi
# Journal file       : /home/user/Workspace/ece2/lab1/lab1_01_logic_gates/vivado/lab1_01_logic_gates.runs/impl_1/vivado.jou
# Running On         : 294c3f844a88
# Platform           : Ubuntu
# Operating System   : Ubuntu 22.04.5 LTS
# Processor Detail   : VirtualApple @ 2.50GHz
# CPU Frequency      : 2502.057 MHz
# CPU Physical cores : 8
# CPU Logical cores  : 8
# Host memory        : 10418 MB
# Swap memory        : 4294 MB
# Total Virtual      : 14713 MB
# Available Virtual  : 11199 MB
#-----------------------------------------------------------

****** Vivado v2026.1 (64-bit)
  **** SW Build 6511674 on Tue Jun 16 11:01:26 MDT 2026
  **** IP Build 6504888 on Tue Jun 09 09:05:25 MDT 2026
  **** SharedData Build 6501428 on Mon Jun 08 17:34:18 MDT 2026
  **** Start of session at: Mon Sep 14 05:31:08 2026
    ** Copyright 1986-2022 Xilinx, Inc. All Rights Reserved.
    ** Copyright 2022-2026 Advanced Micro Devices, Inc. All Rights Reserved.

source logic_gate.tcl -notrace
Command: link_design -top logic_gate -part xc7s75fgga484-1
Design is defaulting to srcset: sources_1
Design is defaulting to constrset: constrs_1
INFO: [Device 21-403] Loading part xc7s75fgga484-1
Netlist sorting complete. Time (s): cpu = 00:00:00.01 ; elapsed = 00:00:00 . Memory (MB): peak = 2460.398 ; gain = 0.047 ; free physical = 4201 ; free virtual = 9805
INFO: [Project 1-479] Netlist was created with Vivado 2026.1
INFO: [Project 1-570] Preparing netlist for logic optimization
Parsing XDC File [/home/user/Workspace/ece2/lab1/lab1_01_logic_gates/constraints/logic_gate.xdc]
Finished Parsing XDC File [/home/user/Workspace/ece2/lab1/lab1_01_logic_gates/constraints/logic_gate.xdc]
INFO: [Opt 31-138] Pushed 0 inverter(s) to 0 load pin(s).
Netlist sorting complete. Time (s): cpu = 00:00:00 ; elapsed = 00:00:00 . Memory (MB): peak = 2669.488 ; gain = 0.000 ; free physical = 4064 ; free virtual = 9673
INFO: [Project 1-111] Unisim Transformation Summary:
No Unisim elements were transformed.

5 Infos, 0 Warnings, 0 Critical Warnings and 0 Errors encountered.
link_design completed successfully
link_design: Time (s): cpu = 00:00:04 ; elapsed = 00:00:06 . Memory (MB): peak = 2675.770 ; gain = 379.523 ; free physical = 4063 ; free virtual = 9672
Command: opt_design
Attempting to get a license for feature 'Vivado_Implementation' and/or device 'xc7s75'
INFO: [Common 17-349] Got license for feature 'Vivado_Implementation' and/or device 'xc7s75'
Running DRC as a precondition to command opt_design

Starting DRC Task
INFO: [DRC 23-27] Running DRC with 8 threads
INFO: [Project 1-461] DRC finished with 0 Errors
INFO: [Project 1-462] Please refer to the DRC report (report_drc) for more information.

Time (s): cpu = 00:00:00.49 ; elapsed = 00:00:00.52 . Memory (MB): peak = 2693.395 ; gain = 17.625 ; free physical = 4036 ; free virtual = 9646

Starting Cache Timing Information Task
INFO: [Timing 38-35] Done setting XDC timing constraints.
Ending Cache Timing Information Task | Checksum: 1e9300b9c

Time (s): cpu = 00:00:07 ; elapsed = 00:00:08 . Memory (MB): peak = 3082.586 ; gain = 389.188 ; free physical = 3667 ; free virtual = 9283

Starting Logic Optimization Task

Phase 1 Initialization

Phase 1.1 Core Generation And Design Setup
Phase 1.1 Core Generation And Design Setup | Checksum: 1e9300b9c

Time (s): cpu = 00:00:00.01 ; elapsed = 00:00:00 . Memory (MB): peak = 3501.078 ; gain = 0.020 ; free physical = 3250 ; free virtual = 8865

Phase 1.2 Setup Constraints And Sort Netlist
Phase 1.2 Setup Constraints And Sort Netlist | Checksum: 1e9300b9c

Time (s): cpu = 00:00:00.01 ; elapsed = 00:00:00.01 . Memory (MB): peak = 3501.098 ; gain = 0.039 ; free physical = 3250 ; free virtual = 8865
Phase 1 Initialization | Checksum: 1e9300b9c

Time (s): cpu = 00:00:00.01 ; elapsed = 00:00:00.01 . Memory (MB): peak = 3501.098 ; gain = 0.039 ; free physical = 3250 ; free virtual = 8865

Phase 2 Timer Update And Timing Data Collection

Phase 2.1 Detect if minReqCache needed
Phase 2.1 Detect if minReqCache needed | Checksum: 1e9300b9c

Time (s): cpu = 00:00:00.02 ; elapsed = 00:00:00.02 . Memory (MB): peak = 3501.137 ; gain = 0.078 ; free physical = 3246 ; free virtual = 8861

Phase 2.2 Timer Update
Phase 2.2 Timer Update | Checksum: 1e9300b9c

Time (s): cpu = 00:00:00.02 ; elapsed = 00:00:00.02 . Memory (MB): peak = 3501.160 ; gain = 0.102 ; free physical = 3246 ; free virtual = 8861
Phase 2 Timer Update And Timing Data Collection | Checksum: 1e9300b9c

Time (s): cpu = 00:00:00.02 ; elapsed = 00:00:00.02 . Memory (MB): peak = 3501.160 ; gain = 0.102 ; free physical = 3246 ; free virtual = 8861

Phase 3 Retarget
INFO: [Opt 31-1851] Number of loadless carry chains removed were: 0
INFO: [Opt 31-1834] Total Chains To Be Transformed Were: 0 AND Number of Transformed insts Created are: 0
INFO: [Opt 31-138] Pushed 0 inverter(s) to 0 load pin(s).
INFO: [Opt 31-49] Retargeted 0 cell(s).
Phase 3 Retarget | Checksum: 1e9300b9c

Time (s): cpu = 00:00:00.03 ; elapsed = 00:00:00.04 . Memory (MB): peak = 3501.297 ; gain = 0.238 ; free physical = 3246 ; free virtual = 8861
Retarget | Checksum: 1e9300b9c
INFO: [Opt 31-389] Phase Retarget created 0 cells and removed 0 cells

Phase 4 Constant propagation
INFO: [Opt 31-138] Pushed 0 inverter(s) to 0 load pin(s).
Phase 4 Constant propagation | Checksum: 1e9300b9c

Time (s): cpu = 00:00:00.04 ; elapsed = 00:00:00.04 . Memory (MB): peak = 3501.312 ; gain = 0.254 ; free physical = 3246 ; free virtual = 8861
Constant propagation | Checksum: 1e9300b9c
INFO: [Opt 31-389] Phase Constant propagation created 0 cells and removed 0 cells

Phase 5 Sweep
INFO: [Constraints 18-11670] Building netlist checker database with flags, 0x8
Done building netlist checker database: Time (s): cpu = 00:00:00 ; elapsed = 00:00:00 . Memory (MB): peak = 3501.383 ; gain = 0.004 ; free physical = 3246 ; free virtual = 8861
Phase 5 Sweep | Checksum: 1e9300b9c

Time (s): cpu = 00:00:00.05 ; elapsed = 00:00:00.06 . Memory (MB): peak = 3501.422 ; gain = 0.363 ; free physical = 3246 ; free virtual = 8861
Sweep | Checksum: 1e9300b9c
INFO: [Opt 31-389] Phase Sweep created 0 cells and removed 0 cells

Phase 6 BUFG optimization
Phase 6 BUFG optimization | Checksum: 1e9300b9c

Time (s): cpu = 00:00:00.07 ; elapsed = 00:00:00.08 . Memory (MB): peak = 3533.777 ; gain = 32.719 ; free physical = 3241 ; free virtual = 8857
BUFG optimization | Checksum: 1e9300b9c
INFO: [Opt 31-662] Phase BUFG optimization created 0 cells of which 0 are BUFGs and removed 0 cells.

Phase 7 Shift Register Optimization
INFO: [Opt 31-1064] SRL Remap converted 0 SRLs to 0 registers and converted 0 registers of register chains to 0 SRLs
Phase 7 Shift Register Optimization | Checksum: 1e9300b9c

Time (s): cpu = 00:00:00.07 ; elapsed = 00:00:00.09 . Memory (MB): peak = 3533.812 ; gain = 32.754 ; free physical = 3241 ; free virtual = 8857
Shift Register Optimization | Checksum: 1e9300b9c
INFO: [Opt 31-389] Phase Shift Register Optimization created 0 cells and removed 0 cells

Phase 8 Post Processing Netlist
Phase 8 Post Processing Netlist | Checksum: 1e9300b9c

Time (s): cpu = 00:00:00.07 ; elapsed = 00:00:00.09 . Memory (MB): peak = 3533.840 ; gain = 32.781 ; free physical = 3241 ; free virtual = 8857
Post Processing Netlist | Checksum: 1e9300b9c
INFO: [Opt 31-389] Phase Post Processing Netlist created 0 cells and removed 0 cells

Phase 9 Finalization

Phase 9.1 Finalizing Design Cores and Updating Shapes
Phase 9.1 Finalizing Design Cores and Updating Shapes | Checksum: 1e9300b9c

Time (s): cpu = 00:00:00.07 ; elapsed = 00:00:00.09 . Memory (MB): peak = 3533.844 ; gain = 32.785 ; free physical = 3241 ; free virtual = 8857

Phase 9.2 Verifying Netlist Connectivity

Starting Connectivity Check Task

Time (s): cpu = 00:00:00.01 ; elapsed = 00:00:00.01 . Memory (MB): peak = 3533.902 ; gain = 0.055 ; free physical = 3241 ; free virtual = 8857
Phase 9.2 Verifying Netlist Connectivity | Checksum: 1e9300b9c

Time (s): cpu = 00:00:00.08 ; elapsed = 00:00:00.1 . Memory (MB): peak = 3533.902 ; gain = 32.844 ; free physical = 3241 ; free virtual = 8857
Phase 9 Finalization | Checksum: 1e9300b9c

Time (s): cpu = 00:00:00.08 ; elapsed = 00:00:00.1 . Memory (MB): peak = 3533.902 ; gain = 32.844 ; free physical = 3241 ; free virtual = 8857
Opt_design Change Summary
=========================


-------------------------------------------------------------------------------------------------------------------------
|  Phase                        |  #Cells created  |  #Cells Removed  |  #Constrained objects preventing optimizations  |
-------------------------------------------------------------------------------------------------------------------------
|  Retarget                     |               0  |               0  |                                              0  |
|  Constant propagation         |               0  |               0  |                                              0  |
|  Sweep                        |               0  |               0  |                                              0  |
|  BUFG optimization            |               0  |               0  |                                              0  |
|  Shift Register Optimization  |               0  |               0  |                                              0  |
|  Post Processing Netlist      |               0  |               0  |                                              0  |
-------------------------------------------------------------------------------------------------------------------------


Ending Logic Optimization Task | Checksum: 1e9300b9c

Time (s): cpu = 00:00:00.08 ; elapsed = 00:00:00.11 . Memory (MB): peak = 3533.918 ; gain = 32.859 ; free physical = 3241 ; free virtual = 8857

Starting Power Optimization Task
INFO: [Pwropt 34-132] Skipping clock gating for clocks with a period < 2.00 ns.
Ending Power Optimization Task | Checksum: 1e9300b9c

Time (s): cpu = 00:00:00.01 ; elapsed = 00:00:00.01 . Memory (MB): peak = 3533.984 ; gain = 0.047 ; free physical = 3241 ; free virtual = 8857

Starting Final Cleanup Task
Ending Final Cleanup Task | Checksum: 1e9300b9c

Time (s): cpu = 00:00:00 ; elapsed = 00:00:00 . Memory (MB): peak = 3533.984 ; gain = 0.000 ; free physical = 3241 ; free virtual = 8857
Netlist sorting complete. Time (s): cpu = 00:00:00 ; elapsed = 00:00:00 . Memory (MB): peak = 3534.004 ; gain = 0.000 ; free physical = 3241 ; free virtual = 8857
INFO: [Common 17-83] Releasing license: Vivado_Implementation
25 Infos, 0 Warnings, 0 Critical Warnings and 0 Errors encountered.
opt_design completed successfully
opt_design: Time (s): cpu = 00:00:10 ; elapsed = 00:00:11 . Memory (MB): peak = 3534.203 ; gain = 858.434 ; free physical = 3241 ; free virtual = 8857
INFO: [Vivado 12-24828] Executing command : report_drc -file logic_gate_drc_opted.rpt -pb logic_gate_drc_opted.pb -rpx logic_gate_drc_opted.rpx
Command: report_drc -file logic_gate_drc_opted.rpt -pb logic_gate_drc_opted.pb -rpx logic_gate_drc_opted.rpx
INFO: [IP_Flow 19-234] Refreshing IP repositories
INFO: [IP_Flow 19-1704] No user IP repositories specified
INFO: [IP_Flow 19-2313] Loaded Vivado IP repository '/home/user/Xilinx/2026.1/data/ip'.
INFO: [DRC 23-27] Running DRC with 8 threads
INFO: [Vivado_Tcl 2-168] The results of DRC are in file /home/user/Workspace/ece2/lab1/lab1_01_logic_gates/vivado/lab1_01_logic_gates.runs/impl_1/logic_gate_drc_opted.rpt.
report_drc completed successfully
INFO: [Timing 38-480] Writing timing data to binary archive.
Wrote PlaceDB: Time (s): cpu = 00:00:00 ; elapsed = 00:00:00 . Memory (MB): peak = 3538.230 ; gain = 0.000 ; free physical = 3220 ; free virtual = 8839
Wrote PulsedLatchDB: Time (s): cpu = 00:00:00 ; elapsed = 00:00:00 . Memory (MB): peak = 3538.230 ; gain = 0.000 ; free physical = 3220 ; free virtual = 8839
Writing XDEF routing.
Write ShapeDB Complete: Time (s): cpu = 00:00:00.07 ; elapsed = 00:00:00.06 . Memory (MB): peak = 3538.230 ; gain = 0.000 ; free physical = 3220 ; free virtual = 8839
Writing XDEF routing logical nets.
Writing XDEF routing special nets.
Wrote RouteStorage: Time (s): cpu = 00:00:00.06 ; elapsed = 00:00:00.03 . Memory (MB): peak = 3538.230 ; gain = 0.000 ; free physical = 3220 ; free virtual = 8839
Wrote PlaceStorage: Time (s): cpu = 00:00:00.02 ; elapsed = 00:00:00.01 . Memory (MB): peak = 3538.297 ; gain = 0.066 ; free physical = 3220 ; free virtual = 8839
Wrote Netlist Cache: Time (s): cpu = 00:00:00 ; elapsed = 00:00:00 . Memory (MB): peak = 3538.324 ; gain = 0.012 ; free physical = 3220 ; free virtual = 8839
Wrote Device Cache: Time (s): cpu = 00:00:00.01 ; elapsed = 00:00:00 . Memory (MB): peak = 3538.355 ; gain = 0.031 ; free physical = 3220 ; free virtual = 8839
Write Physdb Complete: Time (s): cpu = 00:00:00.13 ; elapsed = 00:00:00.1 . Memory (MB): peak = 3538.375 ; gain = 0.145 ; free physical = 3220 ; free virtual = 8839
INFO: [Common 17-1381] The checkpoint '/home/user/Workspace/ece2/lab1/lab1_01_logic_gates/vivado/lab1_01_logic_gates.runs/impl_1/logic_gate_opt.dcp' has been generated.
Command: place_design
Attempting to get a license for feature 'Vivado_Implementation' and/or device 'xc7s75'
INFO: [Common 17-349] Got license for feature 'Vivado_Implementation' and/or device 'xc7s75'
INFO: [Common 17-83] Releasing license: Vivado_Implementation
INFO: [Timing 38-35] Done setting XDC timing constraints.
Running DRC as a precondition to command place_design
INFO: [DRC 23-27] Running DRC with 8 threads
INFO: [Vivado_Tcl 4-198] DRC finished with 0 Errors
INFO: [Vivado_Tcl 4-199] Please refer to the DRC report (report_drc) for more information.
INFO: [Place 30-611] Multithreading enabled for place_design using a maximum of 8 CPUs

Starting Placer Task

Phase 1 Placer Initialization

Phase 1.1 Placer Initialization Netlist Sorting
Netlist sorting complete. Time (s): cpu = 00:00:00 ; elapsed = 00:00:00 . Memory (MB): peak = 3539.570 ; gain = 0.000 ; free physical = 3217 ; free virtual = 8837
Phase 1.1 Placer Initialization Netlist Sorting | Checksum: 14a493d07

Time (s): cpu = 00:00:00 ; elapsed = 00:00:00.01 . Memory (MB): peak = 3539.586 ; gain = 0.066 ; free physical = 3217 ; free virtual = 8837
Netlist sorting complete. Time (s): cpu = 00:00:00 ; elapsed = 00:00:00 . Memory (MB): peak = 3539.594 ; gain = 0.000 ; free physical = 3217 ; free virtual = 8837

Phase 1.2 IO Placement/ Clock Placement/ Build Placer Device
Phase 1.2 IO Placement/ Clock Placement/ Build Placer Device | Checksum: 14a493d07

Time (s): cpu = 00:00:00.28 ; elapsed = 00:00:00.26 . Memory (MB): peak = 3539.594 ; gain = 0.074 ; free physical = 3217 ; free virtual = 8838

Phase 1.3 Build Placer Netlist Model
Phase 1.3 Build Placer Netlist Model | Checksum: 1f274a4ba

Time (s): cpu = 00:00:00.36 ; elapsed = 00:00:00.33 . Memory (MB): peak = 3539.594 ; gain = 0.074 ; free physical = 3217 ; free virtual = 8839

Phase 1.4 Constrain Clocks/Macros
Phase 1.4 Constrain Clocks/Macros | Checksum: 1f274a4ba

Time (s): cpu = 00:00:00.37 ; elapsed = 00:00:00.34 . Memory (MB): peak = 3539.594 ; gain = 0.074 ; free physical = 3217 ; free virtual = 8839
Phase 1 Placer Initialization | Checksum: 1f274a4ba

Time (s): cpu = 00:00:00.38 ; elapsed = 00:00:00.36 . Memory (MB): peak = 3539.594 ; gain = 0.074 ; free physical = 3217 ; free virtual = 8839

Phase 2 Global Placement

Phase 2.1 Floorplanning
Phase 2.1 Floorplanning | Checksum: 1f274a4ba

Time (s): cpu = 00:00:00.39 ; elapsed = 00:00:00.37 . Memory (MB): peak = 3539.594 ; gain = 0.074 ; free physical = 3217 ; free virtual = 8839

Phase 2.2 Update Timing before SLR Path Opt
Phase 2.2 Update Timing before SLR Path Opt | Checksum: 1f274a4ba

Time (s): cpu = 00:00:00.39 ; elapsed = 00:00:00.38 . Memory (MB): peak = 3539.594 ; gain = 0.074 ; free physical = 3217 ; free virtual = 8839

Phase 2.3 Post-Processing in Floorplanning
Phase 2.3 Post-Processing in Floorplanning | Checksum: 1f274a4ba

Time (s): cpu = 00:00:00.39 ; elapsed = 00:00:00.38 . Memory (MB): peak = 3539.594 ; gain = 0.074 ; free physical = 3217 ; free virtual = 8839

Phase 2.4 Global Place Phase1
Phase 2.4 Global Place Phase1 | Checksum: 1c292a541

Time (s): cpu = 00:00:00.66 ; elapsed = 00:00:00.58 . Memory (MB): peak = 3539.594 ; gain = 0.074 ; free physical = 3267 ; free virtual = 8889

Phase 2.5 Global Place Phase2
WARNING: [Place 46-29] Timing had been disabled during Placer and, therefore, physical synthesis in Placer will be skipped.
Phase 2.5 Global Place Phase2 | Checksum: 1c8d59bc9

Time (s): cpu = 00:00:00.8 ; elapsed = 00:00:00.68 . Memory (MB): peak = 3539.594 ; gain = 0.074 ; free physical = 3271 ; free virtual = 8895
Phase 2 Global Placement | Checksum: 1c8d59bc9

Time (s): cpu = 00:00:00.8 ; elapsed = 00:00:00.68 . Memory (MB): peak = 3539.594 ; gain = 0.074 ; free physical = 3271 ; free virtual = 8895

Phase 3 Detail Placement

Phase 3.1 Commit Multi Column Macros
Phase 3.1 Commit Multi Column Macros | Checksum: 1c8d59bc9

Time (s): cpu = 00:00:00.81 ; elapsed = 00:00:00.69 . Memory (MB): peak = 3539.594 ; gain = 0.074 ; free physical = 3271 ; free virtual = 8895

Phase 3.2 Commit Most Macros & LUTRAMs
Phase 3.2 Commit Most Macros & LUTRAMs | Checksum: 1fe018ff3

Time (s): cpu = 00:00:00.82 ; elapsed = 00:00:00.7 . Memory (MB): peak = 3539.594 ; gain = 0.074 ; free physical = 3271 ; free virtual = 8895

Phase 3.3 Area Swap Optimization
Phase 3.3 Area Swap Optimization | Checksum: 19cece6e9

Time (s): cpu = 00:00:00.84 ; elapsed = 00:00:00.71 . Memory (MB): peak = 3539.594 ; gain = 0.074 ; free physical = 3271 ; free virtual = 8894

Phase 3.4 Pipeline Register Optimization
Phase 3.4 Pipeline Register Optimization | Checksum: 19cece6e9

Time (s): cpu = 00:00:00.84 ; elapsed = 00:00:00.72 . Memory (MB): peak = 3539.594 ; gain = 0.074 ; free physical = 3271 ; free virtual = 8894

Phase 3.5 Small Shape Detail Placement
Phase 3.5 Small Shape Detail Placement | Checksum: 25ecb3f92

Time (s): cpu = 00:00:01 ; elapsed = 00:00:00.9 . Memory (MB): peak = 3539.594 ; gain = 0.074 ; free physical = 3274 ; free virtual = 8898

Phase 3.6 Re-assign LUT pins
Phase 3.6 Re-assign LUT pins | Checksum: 25ecb3f92

Time (s): cpu = 00:00:01 ; elapsed = 00:00:00.91 . Memory (MB): peak = 3539.594 ; gain = 0.074 ; free physical = 3274 ; free virtual = 8898

Phase 3.7 Pipeline Register Optimization
Phase 3.7 Pipeline Register Optimization | Checksum: 25ecb3f92

Time (s): cpu = 00:00:01 ; elapsed = 00:00:00.91 . Memory (MB): peak = 3539.594 ; gain = 0.074 ; free physical = 3274 ; free virtual = 8898
Phase 3 Detail Placement | Checksum: 25ecb3f92

Time (s): cpu = 00:00:01 ; elapsed = 00:00:00.91 . Memory (MB): peak = 3539.594 ; gain = 0.074 ; free physical = 3274 ; free virtual = 8898

Phase 4 Post Placement Optimization and Clean-Up

Phase 4.1 Post Commit Optimization
Phase 4.1 Post Commit Optimization | Checksum: 25ecb3f92

Time (s): cpu = 00:00:01 ; elapsed = 00:00:00.96 . Memory (MB): peak = 3539.594 ; gain = 0.074 ; free physical = 3274 ; free virtual = 8898

Phase 4.2 Post Placement Cleanup
Phase 4.2 Post Placement Cleanup | Checksum: 25ecb3f92

Time (s): cpu = 00:00:01 ; elapsed = 00:00:00.97 . Memory (MB): peak = 3539.594 ; gain = 0.074 ; free physical = 3274 ; free virtual = 8898

Phase 4.3 Placer Reporting

Phase 4.3.1 Print Estimated Congestion
INFO: [Place 30-612] Post-Placement Estimated Congestion 
 ____________________________________________________
|           | Global Congestion | Short Congestion  |
| Direction | Region Size       | Region Size       |
|___________|___________________|___________________|
|      North|                1x1|                1x1|
|___________|___________________|___________________|
|      South|                1x1|                1x1|
|___________|___________________|___________________|
|       East|                1x1|                1x1|
|___________|___________________|___________________|
|       West|                1x1|                1x1|
|___________|___________________|___________________|

Phase 4.3.1 Print Estimated Congestion | Checksum: 25ecb3f92

Time (s): cpu = 00:00:01 ; elapsed = 00:00:00.97 . Memory (MB): peak = 3539.594 ; gain = 0.074 ; free physical = 3274 ; free virtual = 8898
Phase 4.3 Placer Reporting | Checksum: 25ecb3f92

Time (s): cpu = 00:00:01 ; elapsed = 00:00:00.97 . Memory (MB): peak = 3539.594 ; gain = 0.074 ; free physical = 3274 ; free virtual = 8898

Phase 4.4 Final Placement Cleanup
Netlist sorting complete. Time (s): cpu = 00:00:00 ; elapsed = 00:00:00 . Memory (MB): peak = 3539.594 ; gain = 0.000 ; free physical = 3274 ; free virtual = 8898

Time (s): cpu = 00:00:01 ; elapsed = 00:00:00.97 . Memory (MB): peak = 3539.594 ; gain = 0.074 ; free physical = 3274 ; free virtual = 8898
Phase 4 Post Placement Optimization and Clean-Up | Checksum: 25ecb3f92

Time (s): cpu = 00:00:01 ; elapsed = 00:00:00.97 . Memory (MB): peak = 3539.594 ; gain = 0.074 ; free physical = 3274 ; free virtual = 8898
Ending Placer Task | Checksum: 1a379bb8f

Time (s): cpu = 00:00:01 ; elapsed = 00:00:00.98 . Memory (MB): peak = 3539.594 ; gain = 0.074 ; free physical = 3274 ; free virtual = 8898
41 Infos, 1 Warnings, 0 Critical Warnings and 0 Errors encountered.
place_design completed successfully
INFO: [Vivado 12-24838] Running report commands "report_control_sets, report_io, report_utilization" in parallel.
Running report generation with 3 threads.
INFO: [Vivado 12-24828] Executing command : report_control_sets -verbose -file logic_gate_control_sets_placed.rpt
report_control_sets: Time (s): cpu = 00:00:00.39 ; elapsed = 00:00:00.33 . Memory (MB): peak = 3539.594 ; gain = 0.000 ; free physical = 3248 ; free virtual = 8872
INFO: [Vivado 12-24828] Executing command : report_io -file logic_gate_io_placed.rpt
report_io: Time (s): cpu = 00:00:00.59 ; elapsed = 00:00:00.47 . Memory (MB): peak = 3539.594 ; gain = 0.000 ; free physical = 3234 ; free virtual = 8858
INFO: [Vivado 12-24828] Executing command : report_utilization -file logic_gate_utilization_placed.rpt -pb logic_gate_utilization_placed.pb
Write ShapeDB Complete: Time (s): cpu = 00:00:00.01 ; elapsed = 00:00:00 . Memory (MB): peak = 3539.594 ; gain = 0.000 ; free physical = 3243 ; free virtual = 8867
Wrote PlaceDB: Time (s): cpu = 00:00:00 ; elapsed = 00:00:00 . Memory (MB): peak = 3539.594 ; gain = 0.000 ; free physical = 3243 ; free virtual = 8867
INFO: [Timing 38-480] Writing timing data to binary archive.
Wrote PulsedLatchDB: Time (s): cpu = 00:00:00 ; elapsed = 00:00:00 . Memory (MB): peak = 3539.594 ; gain = 0.000 ; free physical = 3243 ; free virtual = 8867
Writing XDEF routing.
Writing XDEF routing logical nets.
Writing XDEF routing special nets.
Wrote RouteStorage: Time (s): cpu = 00:00:00.01 ; elapsed = 00:00:00.01 . Memory (MB): peak = 3539.594 ; gain = 0.000 ; free physical = 3243 ; free virtual = 8867
Wrote PlaceStorage: Time (s): cpu = 00:00:00 ; elapsed = 00:00:00 . Memory (MB): peak = 3539.594 ; gain = 0.000 ; free physical = 3243 ; free virtual = 8867
Wrote Netlist Cache: Time (s): cpu = 00:00:00 ; elapsed = 00:00:00 . Memory (MB): peak = 3539.594 ; gain = 0.000 ; free physical = 3243 ; free virtual = 8867
Wrote Device Cache: Time (s): cpu = 00:00:00.01 ; elapsed = 00:00:00.01 . Memory (MB): peak = 3539.594 ; gain = 0.000 ; free physical = 3243 ; free virtual = 8868
Write Physdb Complete: Time (s): cpu = 00:00:00.03 ; elapsed = 00:00:00.02 . Memory (MB): peak = 3539.594 ; gain = 0.000 ; free physical = 3243 ; free virtual = 8868
INFO: [Common 17-1381] The checkpoint '/home/user/Workspace/ece2/lab1/lab1_01_logic_gates/vivado/lab1_01_logic_gates.runs/impl_1/logic_gate_placed.dcp' has been generated.
Command: phys_opt_design
Attempting to get a license for feature 'Vivado_Implementation' and/or device 'xc7s75'
INFO: [Common 17-349] Got license for feature 'Vivado_Implementation' and/or device 'xc7s75'

Starting Initial Update Timing Task

Time (s): cpu = 00:00:00.02 ; elapsed = 00:00:00.02 . Memory (MB): peak = 3539.594 ; gain = 0.000 ; free physical = 3243 ; free virtual = 8867
INFO: [Vivado_Tcl 4-235] No timing constraint found. The netlist was not modified.
INFO: [Common 17-83] Releasing license: Vivado_Implementation
50 Infos, 1 Warnings, 0 Critical Warnings and 0 Errors encountered.
phys_opt_design completed successfully
Write ShapeDB Complete: Time (s): cpu = 00:00:00 ; elapsed = 00:00:00 . Memory (MB): peak = 3539.594 ; gain = 0.000 ; free physical = 3243 ; free virtual = 8867
INFO: [Timing 38-480] Writing timing data to binary archive.
Wrote PlaceDB: Time (s): cpu = 00:00:00 ; elapsed = 00:00:00 . Memory (MB): peak = 3539.594 ; gain = 0.000 ; free physical = 3243 ; free virtual = 8867
Wrote PulsedLatchDB: Time (s): cpu = 00:00:00 ; elapsed = 00:00:00 . Memory (MB): peak = 3539.594 ; gain = 0.000 ; free physical = 3243 ; free virtual = 8867
Writing XDEF routing.
Writing XDEF routing logical nets.
Writing XDEF routing special nets.
Wrote RouteStorage: Time (s): cpu = 00:00:00.02 ; elapsed = 00:00:00 . Memory (MB): peak = 3539.594 ; gain = 0.000 ; free physical = 3243 ; free virtual = 8867
Wrote PlaceStorage: Time (s): cpu = 00:00:00 ; elapsed = 00:00:00 . Memory (MB): peak = 3539.594 ; gain = 0.000 ; free physical = 3243 ; free virtual = 8867
Wrote Netlist Cache: Time (s): cpu = 00:00:00 ; elapsed = 00:00:00 . Memory (MB): peak = 3539.594 ; gain = 0.000 ; free physical = 3243 ; free virtual = 8867
Wrote Device Cache: Time (s): cpu = 00:00:00.01 ; elapsed = 00:00:00 . Memory (MB): peak = 3539.594 ; gain = 0.000 ; free physical = 3243 ; free virtual = 8867
Write Physdb Complete: Time (s): cpu = 00:00:00.03 ; elapsed = 00:00:00.02 . Memory (MB): peak = 3539.594 ; gain = 0.000 ; free physical = 3243 ; free virtual = 8867
INFO: [Common 17-1381] The checkpoint '/home/user/Workspace/ece2/lab1/lab1_01_logic_gates/vivado/lab1_01_logic_gates.runs/impl_1/logic_gate_physopt.dcp' has been generated.
Command: route_design
Attempting to get a license for feature 'Vivado_Implementation' and/or device 'xc7s75'
INFO: [Common 17-349] Got license for feature 'Vivado_Implementation' and/or device 'xc7s75'


Starting Routing Task
INFO: [Route 35-254] Multithreading enabled for route_design using a maximum of 8 CPUs

Phase 1 Build RT Design
Checksum: PlaceDB: 70ac5400 ConstDB: 0 ShapeSum: dbfd2307 RouteDB: 56d04488
Post Restoration Checksum: NetGraph: b40ee4cd | NumContArr: 2bbc1461 | Constraints: c2a8fa9d | Timing: c2a8fa9d
Phase 1 Build RT Design | Checksum: 2651cee68

Time (s): cpu = 00:00:28 ; elapsed = 00:00:25 . Memory (MB): peak = 3539.594 ; gain = 0.000 ; free physical = 3239 ; free virtual = 8865

Phase 2 Router Initialization
INFO: [Route 35-64] No timing constraints were detected. The router will operate in resource-optimization mode.

Phase 2.1 Fix Topology Constraints
Phase 2.1 Fix Topology Constraints | Checksum: 2651cee68

Time (s): cpu = 00:00:28 ; elapsed = 00:00:25 . Memory (MB): peak = 3539.594 ; gain = 0.000 ; free physical = 3239 ; free virtual = 8866

Phase 2.2 Pre Route Cleanup
Phase 2.2 Pre Route Cleanup | Checksum: 2651cee68

Time (s): cpu = 00:00:28 ; elapsed = 00:00:25 . Memory (MB): peak = 3539.594 ; gain = 0.000 ; free physical = 3239 ; free virtual = 8866
 Number of Nodes with overlaps = 0

Router Utilization Summary
  Global Vertical Routing Utilization    = 0 %
  Global Horizontal Routing Utilization  = 0 %
  Routable Net Status*
  *Does not include unroutable nets such as driverless and loadless.
  Run report_route_status for detailed report.
  Number of Failed Nets               = 5
    (Failed Nets is the sum of unrouted and partially routed nets)
  Number of Unrouted Nets             = 5
  Number of Partially Routed Nets     = 0
  Number of Node Overlaps             = 0

Phase 2 Router Initialization | Checksum: 2b61c12ad

Time (s): cpu = 00:00:29 ; elapsed = 00:00:25 . Memory (MB): peak = 3641.445 ; gain = 101.852 ; free physical = 3239 ; free virtual = 8866

Phase 3 Global Routing
Phase 3 Global Routing | Checksum: 2b61c12ad

Time (s): cpu = 00:00:29 ; elapsed = 00:00:25 . Memory (MB): peak = 3641.480 ; gain = 101.887 ; free physical = 3239 ; free virtual = 8866

Phase 4 Initial Routing

Phase 4.1 Initial Net Routing Pass
Phase 4.1 Initial Net Routing Pass | Checksum: 30dc10fc8

Time (s): cpu = 00:00:29 ; elapsed = 00:00:25 . Memory (MB): peak = 3641.840 ; gain = 102.246 ; free physical = 3239 ; free virtual = 8866
Phase 4 Initial Routing | Checksum: 30dc10fc8

Time (s): cpu = 00:00:29 ; elapsed = 00:00:25 . Memory (MB): peak = 3641.867 ; gain = 102.273 ; free physical = 3239 ; free virtual = 8866

Phase 5 Rip-up And Reroute

Phase 5.1 Global Iteration 0
 Number of Nodes with overlaps = 0
Phase 5.1 Global Iteration 0 | Checksum: 27fe936bc

Time (s): cpu = 00:00:29 ; elapsed = 00:00:25 . Memory (MB): peak = 3642.051 ; gain = 102.457 ; free physical = 3239 ; free virtual = 8866
Phase 5 Rip-up And Reroute | Checksum: 27fe936bc

Time (s): cpu = 00:00:29 ; elapsed = 00:00:25 . Memory (MB): peak = 3642.051 ; gain = 102.457 ; free physical = 3239 ; free virtual = 8866

Phase 6 Delay and Skew Optimization
Phase 6 Delay and Skew Optimization | Checksum: 27fe936bc

Time (s): cpu = 00:00:29 ; elapsed = 00:00:25 . Memory (MB): peak = 3642.062 ; gain = 102.469 ; free physical = 3239 ; free virtual = 8866

Phase 7 Post Hold Fix

Phase 7.1 Hold Fix Iter
Phase 7.1 Hold Fix Iter | Checksum: 27fe936bc

Time (s): cpu = 00:00:29 ; elapsed = 00:00:25 . Memory (MB): peak = 3642.074 ; gain = 102.480 ; free physical = 3239 ; free virtual = 8866
Phase 7 Post Hold Fix | Checksum: 27fe936bc

Time (s): cpu = 00:00:29 ; elapsed = 00:00:25 . Memory (MB): peak = 3642.074 ; gain = 102.480 ; free physical = 3239 ; free virtual = 8866

Phase 8 Route finalize

Router Utilization Summary
  Global Vertical Routing Utilization    = 0.00123653 %
  Global Horizontal Routing Utilization  = 0.00100923 %
  Routable Net Status*
  *Does not include unroutable nets such as driverless and loadless.
  Run report_route_status for detailed report.
  Number of Failed Nets               = 0
    (Failed Nets is the sum of unrouted and partially routed nets)
  Number of Unrouted Nets             = 0
  Number of Partially Routed Nets     = 0
  Number of Node Overlaps             = 0


--GLOBAL Congestion:
Utilization threshold used for congestion level computation: 0.85
Congestion Report
North Dir 1x1 Area, Max Cong = 3.6036%, No Congested Regions.
South Dir 1x1 Area, Max Cong = 5.40541%, No Congested Regions.
East Dir 1x1 Area, Max Cong = 2.94118%, No Congested Regions.
West Dir 1x1 Area, Max Cong = 2.94118%, No Congested Regions.

------------------------------
Reporting congestion hotspots
------------------------------
Direction: North
----------------
Congested clusters found at Level 0
Effective congestion level: 0 Aspect Ratio: 1 Sparse Ratio: 0
Direction: South
----------------
Congested clusters found at Level 0
Effective congestion level: 0 Aspect Ratio: 1 Sparse Ratio: 0
Direction: East
----------------
Congested clusters found at Level 0
Effective congestion level: 0 Aspect Ratio: 1 Sparse Ratio: 0
Direction: West
----------------
Congested clusters found at Level 0
Effective congestion level: 0 Aspect Ratio: 1 Sparse Ratio: 0

Phase 8 Route finalize | Checksum: 27fe936bc

Time (s): cpu = 00:00:29 ; elapsed = 00:00:25 . Memory (MB): peak = 3642.125 ; gain = 102.531 ; free physical = 3239 ; free virtual = 8866

Phase 9 Verifying routed nets

 Verification completed successfully
Phase 9 Verifying routed nets | Checksum: 27fe936bc

Time (s): cpu = 00:00:29 ; elapsed = 00:00:25 . Memory (MB): peak = 3642.141 ; gain = 102.547 ; free physical = 3239 ; free virtual = 8866

Phase 10 Depositing Routes
Phase 10 Depositing Routes | Checksum: 33ed413c6

Time (s): cpu = 00:00:30 ; elapsed = 00:00:25 . Memory (MB): peak = 3642.223 ; gain = 102.629 ; free physical = 3239 ; free virtual = 8866

Phase 11 Post Process Routing
Phase 11 Post Process Routing | Checksum: 33ed413c6

Time (s): cpu = 00:00:30 ; elapsed = 00:00:26 . Memory (MB): peak = 3642.293 ; gain = 102.699 ; free physical = 3239 ; free virtual = 8866
Total Elapsed time in route_design: 25.49 secs

Phase 12 Post-Route Event Processing
Phase 12 Post-Route Event Processing | Checksum: 1da195ef2

Time (s): cpu = 00:00:30 ; elapsed = 00:00:26 . Memory (MB): peak = 3642.336 ; gain = 102.742 ; free physical = 3239 ; free virtual = 8866
INFO: [Route 35-16] Router Completed Successfully
Ending Routing Task | Checksum: 1da195ef2

Time (s): cpu = 00:00:30 ; elapsed = 00:00:26 . Memory (MB): peak = 3642.344 ; gain = 102.750 ; free physical = 3239 ; free virtual = 8866

Routing Is Done.
INFO: [Common 17-83] Releasing license: Vivado_Implementation
57 Infos, 1 Warnings, 0 Critical Warnings and 0 Errors encountered.
route_design completed successfully
route_design: Time (s): cpu = 00:00:30 ; elapsed = 00:00:26 . Memory (MB): peak = 3642.461 ; gain = 102.867 ; free physical = 3239 ; free virtual = 8866
INFO: [Vivado 12-24828] Executing command : report_drc -file logic_gate_drc_routed.rpt -pb logic_gate_drc_routed.pb -rpx logic_gate_drc_routed.rpx
Command: report_drc -file logic_gate_drc_routed.rpt -pb logic_gate_drc_routed.pb -rpx logic_gate_drc_routed.rpx
INFO: [IP_Flow 19-1839] IP Catalog is up to date.
INFO: [DRC 23-27] Running DRC with 8 threads
INFO: [Vivado_Tcl 2-168] The results of DRC are in file /home/user/Workspace/ece2/lab1/lab1_01_logic_gates/vivado/lab1_01_logic_gates.runs/impl_1/logic_gate_drc_routed.rpt.
report_drc completed successfully
INFO: [Vivado 12-24828] Executing command : report_methodology -file logic_gate_methodology_drc_routed.rpt -pb logic_gate_methodology_drc_routed.pb -rpx logic_gate_methodology_drc_routed.rpx
Command: report_methodology -file logic_gate_methodology_drc_routed.rpt -pb logic_gate_methodology_drc_routed.pb -rpx logic_gate_methodology_drc_routed.rpx
INFO: [Timing 38-35] Done setting XDC timing constraints.
INFO: [DRC 23-133] Running Methodology with 8 threads
INFO: [Vivado_Tcl 2-1520] The results of Report Methodology are in file /home/user/Workspace/ece2/lab1/lab1_01_logic_gates/vivado/lab1_01_logic_gates.runs/impl_1/logic_gate_methodology_drc_routed.rpt.
report_methodology completed successfully
INFO: [Vivado 12-24828] Executing command : report_timing_summary -max_paths 10 -routable_nets -report_unconstrained -file logic_gate_timing_summary_routed.rpt -pb logic_gate_timing_summary_routed.pb -rpx logic_gate_timing_summary_routed.rpx -warn_on_violation 
INFO: [Timing 38-35] Done setting XDC timing constraints.
INFO: [Timing 38-91] UpdateTimingParams: Speed grade: -1, Delay Type: min_max.
INFO: [Timing 38-191] Multithreading enabled for timing update using a maximum of 8 CPUs
WARNING: [Timing 38-313] There are no user specified timing constraints. Timing constraints are needed for proper timing analysis.
INFO: [Vivado 12-24838] Running report commands "report_bus_skew, report_incremental_reuse, report_route_status" in parallel.
Running report generation with 3 threads.
INFO: [Vivado 12-24828] Executing command : report_incremental_reuse -file logic_gate_incremental_reuse_routed.rpt
INFO: [Vivado_Tcl 4-1062] Incremental flow is disabled. No incremental reuse Info to report.
INFO: [Vivado 12-24828] Executing command : report_route_status -file logic_gate_route_status.rpt -pb logic_gate_route_status.pb
INFO: [Vivado 12-24828] Executing command : report_bus_skew -warn_on_violation -file logic_gate_bus_skew_routed.rpt -pb logic_gate_bus_skew_routed.pb -rpx logic_gate_bus_skew_routed.rpx
INFO: [Timing 38-91] UpdateTimingParams: Speed grade: -1, Delay Type: min_max.
INFO: [Timing 38-191] Multithreading enabled for timing update using a maximum of 8 CPUs
INFO: [Vivado 12-24828] Executing command : report_power -file logic_gate_power_routed.rpt -pb logic_gate_power_summary_routed.pb -rpx logic_gate_power_routed.rpx
Command: report_power -file logic_gate_power_routed.rpt -pb logic_gate_power_summary_routed.pb -rpx logic_gate_power_routed.rpx
WARNING: [Power 33-232] No user defined clocks were found in the design! Power estimation will be inaccurate until this is corrected.
Resolution: Please specify clocks using create_clock/create_generated_clock for sequential elements. For pure combinatorial circuits, please specify a virtual clock, otherwise the vectorless estimation might be inaccurate
Running Vector-less Activity Propagation...

Finished Running Vector-less Activity Propagation
77 Infos, 3 Warnings, 0 Critical Warnings and 0 Errors encountered.
report_power completed successfully
INFO: [Vivado 12-24828] Executing command : report_clock_utilization -file logic_gate_clock_utilization_routed.rpt
Write ShapeDB Complete: Time (s): cpu = 00:00:00 ; elapsed = 00:00:00.01 . Memory (MB): peak = 3685.398 ; gain = 0.000 ; free physical = 3210 ; free virtual = 8838
INFO: [Timing 38-480] Writing timing data to binary archive.
Wrote PlaceDB: Time (s): cpu = 00:00:00 ; elapsed = 00:00:00 . Memory (MB): peak = 3685.398 ; gain = 0.000 ; free physical = 3210 ; free virtual = 8838
Wrote PulsedLatchDB: Time (s): cpu = 00:00:00 ; elapsed = 00:00:00 . Memory (MB): peak = 3685.398 ; gain = 0.000 ; free physical = 3210 ; free virtual = 8838
Writing XDEF routing.
Writing XDEF routing logical nets.
Writing XDEF routing special nets.
Wrote RouteStorage: Time (s): cpu = 00:00:00.05 ; elapsed = 00:00:00.03 . Memory (MB): peak = 3685.398 ; gain = 0.000 ; free physical = 3210 ; free virtual = 8838
Wrote PlaceStorage: Time (s): cpu = 00:00:00 ; elapsed = 00:00:00 . Memory (MB): peak = 3685.398 ; gain = 0.000 ; free physical = 3210 ; free virtual = 8838
Wrote Netlist Cache: Time (s): cpu = 00:00:00 ; elapsed = 00:00:00 . Memory (MB): peak = 3685.398 ; gain = 0.000 ; free physical = 3210 ; free virtual = 8838
Wrote Device Cache: Time (s): cpu = 00:00:00.01 ; elapsed = 00:00:00 . Memory (MB): peak = 3685.398 ; gain = 0.000 ; free physical = 3209 ; free virtual = 8838
Write Physdb Complete: Time (s): cpu = 00:00:00.07 ; elapsed = 00:00:00.05 . Memory (MB): peak = 3685.398 ; gain = 0.000 ; free physical = 3209 ; free virtual = 8837
INFO: [Common 17-1381] The checkpoint '/home/user/Workspace/ece2/lab1/lab1_01_logic_gates/vivado/lab1_01_logic_gates.runs/impl_1/logic_gate_routed.dcp' has been generated.
Command: write_bitstream -force logic_gate.bit
Attempting to get a license for feature 'Vivado_Implementation' and/or device 'xc7s75'
INFO: [Common 17-349] Got license for feature 'Vivado_Implementation' and/or device 'xc7s75'
Running DRC as a precondition to command write_bitstream
INFO: [IP_Flow 19-1839] IP Catalog is up to date.
INFO: [DRC 23-27] Running DRC with 8 threads
INFO: [Vivado 12-3199] DRC finished with 0 Errors
INFO: [Vivado 12-3200] Please refer to the DRC report (report_drc) for more information.
Integrating Hard IP ELF/MEM with the PDI.
INFO: [Designutils 20-2272] Running write_bitstream with 8 threads.
Initializing bitstream generation complete. Time (s): cpu = 00:00:00.62 ; elapsed = 00:00:00.66 . Memory (MB): peak = 3685.398 ; gain = 0.000 ; free physical = 3209 ; free virtual = 8838
Loading data files...
Loading site data...
Loading route data...
Processing options...
Creating bitmap...
Creating bitstream...
Writing bitstream ./logic_gate.bit...
Generate Bitstream complete. Time (s): cpu = 00:00:07 ; elapsed = 00:00:06 . Memory (MB): peak = 3826.375 ; gain = 140.977 ; free physical = 2981 ; free virtual = 8617
INFO: [Vivado 12-1842] Bitgen Completed Successfully.
INFO: [Common 17-83] Releasing license: Vivado_Implementation
88 Infos, 3 Warnings, 0 Critical Warnings and 0 Errors encountered.
write_bitstream completed successfully
write_bitstream: Time (s): cpu = 00:00:10 ; elapsed = 00:00:28 . Memory (MB): peak = 3835.266 ; gain = 149.867 ; free physical = 2980 ; free virtual = 8614
INFO: [Common 17-206] Exiting Vivado at Mon Sep 14 05:32:39 2026...
[Mon Sep 14 05:32:45 2026] impl_1 finished
wait_on_runs: Time (s): cpu = 00:00:03 ; elapsed = 00:01:47 . Memory (MB): peak = 2297.355 ; gain = 0.000 ; free physical = 5225 ; free virtual = 10865
# if {[get_property PROGRESS [get_runs impl_1]] != "100%"} {
#     error "impl_1 실패: [get_property STATUS [get_runs impl_1]]"
# }
# puts "BITSTREAM_DONE: $proj_root/vivado/lab1_01_logic_gates.runs/impl_1/logic_gate.bit"
BITSTREAM_DONE: /home/user/Workspace/ece2/lab1/lab1_01_logic_gates/vivado/lab1_01_logic_gates.runs/impl_1/logic_gate.bit
INFO: [Common 17-206] Exiting Vivado at Mon Sep 14 05:32:45 2026...
