Copyright 1986-2022 Xilinx, Inc. All Rights Reserved. Copyright 2022-2025 Advanced Micro Devices, Inc. All Rights Reserved.
---------------------------------------------------------------------------------------------------------------------------------------------
| Tool Version : Vivado v.2025.2 (win64) Build 6299465 Fri Nov 14 19:35:11 GMT 2025
| Date         : Mon Sep 28 00:41:26 2026
| Host         : kdesktop running 64-bit major release  (build 9200)
| Command      : report_clocks -file C:/ece2/UOS_ece2/lab3/lab3_05_mmss_clock/evidence/vivado/clocks.rpt
| Design       : lab3_mmss_clock
| Device       : 7s75-fgga484
| Speed File   : -1  PRODUCTION 1.23 2018-06-13
| Design State : Routed
---------------------------------------------------------------------------------------------------------------------------------------------

Clock Report


Attributes
  P: Propagated
  G: Generated
  A: Auto-derived
  R: Renamed
  V: Virtual
  I: Inverted
  S: Pin phase-shifted with Latency mode

Clock      Period(ns)  Waveform(ns)    Attributes  Sources
clk_50mhz  20.000      {0.000 10.000}  P           {clk_50mhz}


====================================================
Generated Clocks
====================================================



====================================================
User Uncertainty
====================================================



====================================================
User Jitter
====================================================


