Copyright 1986-2022 Xilinx, Inc. All Rights Reserved. Copyright 2022-2025 Advanced Micro Devices, Inc. All Rights Reserved.
---------------------------------------------------------------------------------------------------------------------------------------------
| Tool Version : Vivado v.2025.2 (win64) Build 6299465 Fri Nov 14 19:35:11 GMT 2025
| Date         : Mon Sep 28 00:47:16 2026
| Host         : kdesktop running 64-bit major release  (build 9200)
| Command      : report_timing_summary -file C:/ece2/UOS_ece2/lab3/lab3_01_led_pwm/evidence/vivado/timing_summary.rpt
| Design       : lab3_led_pwm
| Device       : 7s75-fgga484
| Speed File   : -1  PRODUCTION 1.23 2018-06-13
| Design State : Routed
---------------------------------------------------------------------------------------------------------------------------------------------

Timing Summary Report

------------------------------------------------------------------------------------------------
| Timer Settings
| --------------
------------------------------------------------------------------------------------------------

  Enable Multi Corner Analysis               :  Yes
  Enable Pessimism Removal                   :  Yes
  Pessimism Removal Resolution               :  Nearest Common Node
  Enable Input Delay Default Clock           :  No
  Enable Preset / Clear Arcs                 :  No
  Disable Flight Delays                      :  No
  Ignore I/O Paths                           :  No
  Timing Early Launch at Borrowing Latches   :  No
  Borrow Time for Max Delay Exceptions       :  Yes
  Merge Timing Exceptions                    :  Yes
  Inter-SLR Compensation                     :  Conservative

  Corner  Analyze    Analyze    
  Name    Max Paths  Min Paths  
  ------  ---------  ---------  
  Slow    Yes        Yes        
  Fast    Yes        Yes        


------------------------------------------------------------------------------------------------
| Report Methodology
| ------------------
------------------------------------------------------------------------------------------------

Rule       Severity  Description                    Violations  
---------  --------  -----------------------------  ----------  
TIMING-18  Warning   Missing input or output delay  8           

Note: This report is based on the most recent report_methodology run and may not be up-to-date. Run report_methodology on the current design for the latest report.



check_timing report

Table of Contents
-----------------
1. checking no_clock (0)
2. checking constant_clock (0)
3. checking pulse_width_clock (0)
4. checking unconstrained_internal_endpoints (0)
5. checking no_input_delay (2)
6. checking no_output_delay (8)
7. checking multiple_clock (0)
8. checking generated_clocks (0)
9. checking loops (0)
10. checking partial_input_delay (0)
11. checking partial_output_delay (0)
12. checking latch_loops (0)

1. checking no_clock (0)
------------------------
 There are 0 register/latch pins with no clock.


2. checking constant_clock (0)
------------------------------
 There are 0 register/latch pins with constant_clock.


3. checking pulse_width_clock (0)
---------------------------------
 There are 0 register/latch pins which need pulse_width check


4. checking unconstrained_internal_endpoints (0)
------------------------------------------------
 There are 0 pins that are not constrained for maximum delay.

 There are 0 pins that are not constrained for maximum delay due to constant clock.


5. checking no_input_delay (2)
------------------------------
 There are 0 input ports with no input delay specified.

 There are 2 input ports with no input delay but user has a false path constraint. (MEDIUM)


6. checking no_output_delay (8)
-------------------------------
 There are 8 ports with no output delay specified. (HIGH)

 There are 0 ports with no output delay but user has a false path constraint

 There are 0 ports with no output delay but with a timing clock defined on it or propagating through it


7. checking multiple_clock (0)
------------------------------
 There are 0 register/latch pins with multiple clocks.


8. checking generated_clocks (0)
--------------------------------
 There are 0 generated clocks that are not connected to a clock source.


9. checking loops (0)
---------------------
 There are 0 combinational loops in the design.


10. checking partial_input_delay (0)
------------------------------------
 There are 0 input ports with partial input delay specified.


11. checking partial_output_delay (0)
-------------------------------------
 There are 0 ports with partial output delay specified.


12. checking latch_loops (0)
----------------------------
 There are 0 combinational latch loops in the design through latch input



------------------------------------------------------------------------------------------------
| Design Timing Summary
| ---------------------
------------------------------------------------------------------------------------------------

    WNS(ns)      TNS(ns)  TNS Failing Endpoints  TNS Total Endpoints      WHS(ns)      THS(ns)  THS Failing Endpoints  THS Total Endpoints     WPWS(ns)     TPWS(ns)  TPWS Failing Endpoints  TPWS Total Endpoints  
    -------      -------  ---------------------  -------------------      -------      -------  ---------------------  -------------------     --------     --------  ----------------------  --------------------  
      9.197        0.000                      0                   55        0.131        0.000                      0                   55        9.500        0.000                       0                    53  


All user specified timing constraints are met.


------------------------------------------------------------------------------------------------
| Clock Summary
| -------------
------------------------------------------------------------------------------------------------

Clock      Waveform(ns)       Period(ns)      Frequency(MHz)
-----      ------------       ----------      --------------
clk_50mhz  {0.000 10.000}     20.000          50.000          


------------------------------------------------------------------------------------------------
| Intra Clock Table
| -----------------
------------------------------------------------------------------------------------------------

Clock             WNS(ns)      TNS(ns)  TNS Failing Endpoints  TNS Total Endpoints      WHS(ns)      THS(ns)  THS Failing Endpoints  THS Total Endpoints     WPWS(ns)     TPWS(ns)  TPWS Failing Endpoints  TPWS Total Endpoints  
-----             -------      -------  ---------------------  -------------------      -------      -------  ---------------------  -------------------     --------     --------  ----------------------  --------------------  
clk_50mhz           9.197        0.000                      0                   55        0.131        0.000                      0                   55        9.500        0.000                       0                    53  


------------------------------------------------------------------------------------------------
| Inter Clock Table
| -----------------
------------------------------------------------------------------------------------------------

From Clock    To Clock          WNS(ns)      TNS(ns)  TNS Failing Endpoints  TNS Total Endpoints      WHS(ns)      THS(ns)  THS Failing Endpoints  THS Total Endpoints  
----------    --------          -------      -------  ---------------------  -------------------      -------      -------  ---------------------  -------------------  


------------------------------------------------------------------------------------------------
| Other Path Groups Table
| -----------------------
------------------------------------------------------------------------------------------------

Path Group    From Clock    To Clock          WNS(ns)      TNS(ns)  TNS Failing Endpoints  TNS Total Endpoints      WHS(ns)      THS(ns)  THS Failing Endpoints  THS Total Endpoints  
----------    ----------    --------          -------      -------  ---------------------  -------------------      -------      -------  ---------------------  -------------------  


------------------------------------------------------------------------------------------------
| Timing Details
| --------------
------------------------------------------------------------------------------------------------


---------------------------------------------------------------------------------------------------
From Clock:  clk_50mhz
  To Clock:  clk_50mhz

Setup :            0  Failing Endpoints,  Worst Slack        9.197ns,  Total Violation        0.000ns
Hold  :            0  Failing Endpoints,  Worst Slack        0.131ns,  Total Violation        0.000ns
PW    :            0  Failing Endpoints,  Worst Slack        9.500ns,  Total Violation        0.000ns
---------------------------------------------------------------------------------------------------


Max Delay Paths
--------------------------------------------------------------------------------------
Slack (MET) :             9.197ns  (required time - arrival time)
  Source:                 level_reg[2]/C
                            (rising edge-triggered cell FDCE clocked by clk_50mhz  {rise@0.000ns fall@10.000ns period=20.000ns})
  Destination:            u_pwm/pwm_reg_lopt_replica_3/D
                            (rising edge-triggered cell FDCE clocked by clk_50mhz  {rise@0.000ns fall@10.000ns period=20.000ns})
  Path Group:             clk_50mhz
  Path Type:              Setup (Max at Slow Process Corner)
  Requirement:            20.000ns  (clk_50mhz rise@20.000ns - clk_50mhz rise@0.000ns)
  Data Path Delay:        10.912ns  (logic 3.245ns (29.738%)  route 7.667ns (70.262%))
  Logic Levels:           13  (CARRY4=5 LUT2=1 LUT5=1 LUT6=6)
  Clock Path Skew:        -0.042ns (DCD - SCD + CPR)
    Destination Clock Delay (DCD):    5.281ns = ( 25.281 - 20.000 ) 
    Source Clock Delay      (SCD):    5.597ns
    Clock Pessimism Removal (CPR):    0.274ns
  Clock Uncertainty:      0.035ns  ((TSJ^2 + TIJ^2)^1/2 + DJ) / 2 + PE
    Total System Jitter     (TSJ):    0.071ns
    Total Input Jitter      (TIJ):    0.000ns
    Discrete Jitter          (DJ):    0.000ns
    Phase Error              (PE):    0.000ns

    Location             Delay type                Incr(ns)  Path(ns)    Netlist Resource(s)
  -------------------------------------------------------------------    -------------------
                         (clock clk_50mhz rise edge)
                                                      0.000     0.000 r  
    B6                                                0.000     0.000 r  clk_50mhz (IN)
                         net (fo=0)                   0.000     0.000    clk_50mhz
    B6                   IBUF (Prop_ibuf_I_O)         1.500     1.500 r  clk_50mhz_IBUF_inst/O
                         net (fo=1, routed)           2.315     3.815    clk_50mhz_IBUF
    BUFGCTRL_X0Y16       BUFG (Prop_bufg_I_O)         0.096     3.911 r  clk_50mhz_IBUF_BUFG_inst/O
                         net (fo=52, routed)          1.686     5.597    clk_50mhz_IBUF_BUFG
    SLICE_X81Y120        FDCE                                         r  level_reg[2]/C
  -------------------------------------------------------------------    -------------------
    SLICE_X81Y120        FDCE (Prop_fdce_C_Q)         0.419     6.016 r  level_reg[2]/Q
                         net (fo=18, routed)          1.042     7.058    u_pwm/Q[2]
    SLICE_X80Y118        LUT2 (Prop_lut2_I0_O)        0.296     7.354 r  u_pwm/i___1_carry_i_2/O
                         net (fo=1, routed)           0.000     7.354    u_pwm/i___1_carry_i_2_n_0
    SLICE_X80Y118        CARRY4 (Prop_carry4_S[3]_CO[3])
                                                      0.376     7.730 r  u_pwm/threshold1_inferred__0/i___1_carry/CO[3]
                         net (fo=1, routed)           0.000     7.730    u_pwm/threshold1_inferred__0/i___1_carry_n_0
    SLICE_X80Y119        CARRY4 (Prop_carry4_CI_CO[3])
                                                      0.117     7.847 r  u_pwm/threshold1_inferred__0/i___1_carry__0/CO[3]
                         net (fo=1, routed)           0.000     7.847    u_pwm/threshold1_inferred__0/i___1_carry__0_n_0
    SLICE_X80Y120        CARRY4 (Prop_carry4_CI_O[1])
                                                      0.323     8.170 r  u_pwm/threshold1_inferred__0/i___1_carry__1/O[1]
                         net (fo=5, routed)           0.865     9.035    u_pwm/threshold1_inferred__0/i___1_carry__1_n_6
    SLICE_X81Y121        LUT6 (Prop_lut6_I0_O)        0.306     9.341 r  u_pwm/pwm0_carry__0_i_11/O
                         net (fo=7, routed)           1.029    10.370    u_pwm/pwm0_carry__0_i_11_n_0
    SLICE_X81Y119        LUT6 (Prop_lut6_I4_O)        0.124    10.494 r  u_pwm/pwm0_carry__0_i_19/O
                         net (fo=3, routed)           0.745    11.239    u_pwm/pwm0_carry__0_i_19_n_0
    SLICE_X81Y118        LUT6 (Prop_lut6_I1_O)        0.124    11.363 r  u_pwm/pwm0_carry_i_18/O
                         net (fo=3, routed)           0.679    12.042    u_pwm/pwm0_carry_i_18_n_0
    SLICE_X80Y117        LUT6 (Prop_lut6_I0_O)        0.124    12.166 r  u_pwm/pwm0_carry_i_9/O
                         net (fo=7, routed)           0.668    12.834    u_pwm/pwm0_carry_i_9_n_0
    SLICE_X81Y117        LUT6 (Prop_lut6_I3_O)        0.124    12.958 r  u_pwm/pwm0_carry_i_13/O
                         net (fo=4, routed)           0.773    13.731    u_pwm/pwm0_carry_i_13_n_0
    SLICE_X84Y116        LUT6 (Prop_lut6_I2_O)        0.124    13.855 r  u_pwm/pwm0_carry_i_15/O
                         net (fo=2, routed)           0.631    14.485    u_pwm/pwm0_carry_i_15_n_0
    SLICE_X82Y116        LUT5 (Prop_lut5_I3_O)        0.124    14.609 r  u_pwm/pwm0_carry_i_7/O
                         net (fo=1, routed)           0.000    14.609    u_pwm/pwm0_carry_i_7_n_0
    SLICE_X82Y116        CARRY4 (Prop_carry4_S[1]_CO[3])
                                                      0.550    15.159 r  u_pwm/pwm0_carry/CO[3]
                         net (fo=1, routed)           0.000    15.159    u_pwm/pwm0_carry_n_0
    SLICE_X82Y117        CARRY4 (Prop_carry4_CI_CO[3])
                                                      0.114    15.273 r  u_pwm/pwm0_carry__0/CO[3]
                         net (fo=8, routed)           1.236    16.509    u_pwm/pwm0_carry__0_n_0
    SLICE_X84Y123        FDCE                                         r  u_pwm/pwm_reg_lopt_replica_3/D
  -------------------------------------------------------------------    -------------------

                         (clock clk_50mhz rise edge)
                                                     20.000    20.000 r  
    B6                                                0.000    20.000 r  clk_50mhz (IN)
                         net (fo=0)                   0.000    20.000    clk_50mhz
    B6                   IBUF (Prop_ibuf_I_O)         1.429    21.429 r  clk_50mhz_IBUF_inst/O
                         net (fo=1, routed)           2.196    23.625    clk_50mhz_IBUF
    BUFGCTRL_X0Y16       BUFG (Prop_bufg_I_O)         0.091    23.716 r  clk_50mhz_IBUF_BUFG_inst/O
                         net (fo=52, routed)          1.565    25.281    u_pwm/CLK
    SLICE_X84Y123        FDCE                                         r  u_pwm/pwm_reg_lopt_replica_3/C
                         clock pessimism              0.274    25.555    
                         clock uncertainty           -0.035    25.520    
    SLICE_X84Y123        FDCE (Setup_fdce_C_D)        0.186    25.706    u_pwm/pwm_reg_lopt_replica_3
  -------------------------------------------------------------------
                         required time                         25.706    
                         arrival time                         -16.509    
  -------------------------------------------------------------------
                         slack                                  9.197    





Min Delay Paths
--------------------------------------------------------------------------------------
Slack (MET) :             0.131ns  (arrival time - required time)
  Source:                 u_button/button_meta_reg/C
                            (rising edge-triggered cell FDCE clocked by clk_50mhz  {rise@0.000ns fall@10.000ns period=20.000ns})
  Destination:            u_button/button_sync_reg/D
                            (rising edge-triggered cell FDCE clocked by clk_50mhz  {rise@0.000ns fall@10.000ns period=20.000ns})
  Path Group:             clk_50mhz
  Path Type:              Hold (Min at Fast Process Corner)
  Requirement:            0.000ns  (clk_50mhz rise@0.000ns - clk_50mhz rise@0.000ns)
  Data Path Delay:        0.206ns  (logic 0.141ns (68.336%)  route 0.065ns (31.664%))
  Logic Levels:           0  
  Clock Path Skew:        0.000ns (DCD - SCD - CPR)
    Destination Clock Delay (DCD):    2.220ns
    Source Clock Delay      (SCD):    1.694ns
    Clock Pessimism Removal (CPR):    0.526ns

    Location             Delay type                Incr(ns)  Path(ns)    Netlist Resource(s)
  -------------------------------------------------------------------    -------------------
                         (clock clk_50mhz rise edge)
                                                      0.000     0.000 r  
    B6                                                0.000     0.000 r  clk_50mhz (IN)
                         net (fo=0)                   0.000     0.000    clk_50mhz
    B6                   IBUF (Prop_ibuf_I_O)         0.268     0.268 r  clk_50mhz_IBUF_inst/O
                         net (fo=1, routed)           0.808     1.075    clk_50mhz_IBUF
    BUFGCTRL_X0Y16       BUFG (Prop_bufg_I_O)         0.026     1.101 r  clk_50mhz_IBUF_BUFG_inst/O
                         net (fo=52, routed)          0.593     1.694    u_button/CLK
    SLICE_X82Y111        FDCE                                         r  u_button/button_meta_reg/C
  -------------------------------------------------------------------    -------------------
    SLICE_X82Y111        FDCE (Prop_fdce_C_Q)         0.141     1.835 r  u_button/button_meta_reg/Q
                         net (fo=1, routed)           0.065     1.900    u_button/button_meta
    SLICE_X82Y111        FDCE                                         r  u_button/button_sync_reg/D
  -------------------------------------------------------------------    -------------------

                         (clock clk_50mhz rise edge)
                                                      0.000     0.000 r  
    B6                                                0.000     0.000 r  clk_50mhz (IN)
                         net (fo=0)                   0.000     0.000    clk_50mhz
    B6                   IBUF (Prop_ibuf_I_O)         0.456     0.456 r  clk_50mhz_IBUF_inst/O
                         net (fo=1, routed)           0.871     1.327    clk_50mhz_IBUF
    BUFGCTRL_X0Y16       BUFG (Prop_bufg_I_O)         0.029     1.356 r  clk_50mhz_IBUF_BUFG_inst/O
                         net (fo=52, routed)          0.865     2.220    u_button/CLK
    SLICE_X82Y111        FDCE                                         r  u_button/button_sync_reg/C
                         clock pessimism             -0.526     1.694    
    SLICE_X82Y111        FDCE (Hold_fdce_C_D)         0.075     1.769    u_button/button_sync_reg
  -------------------------------------------------------------------
                         required time                         -1.769    
                         arrival time                           1.900    
  -------------------------------------------------------------------
                         slack                                  0.131    





Pulse Width Checks
--------------------------------------------------------------------------------------
Clock Name:         clk_50mhz
Waveform(ns):       { 0.000 10.000 }
Period(ns):         20.000
Sources:            { clk_50mhz }

Check Type        Corner  Lib Pin  Reference Pin  Required(ns)  Actual(ns)  Slack(ns)  Location        Pin
Min Period        n/a     BUFG/I   n/a            2.155         20.000      17.845     BUFGCTRL_X0Y16  clk_50mhz_IBUF_BUFG_inst/I
Low Pulse Width   Slow    FDCE/C   n/a            0.500         10.000      9.500      SLICE_X81Y120   level_reg[0]/C
High Pulse Width  Slow    FDCE/C   n/a            0.500         10.000      9.500      SLICE_X81Y120   level_reg[0]/C



