Copyright 1986-2022 Xilinx, Inc. All Rights Reserved. Copyright 2022-2025 Advanced Micro Devices, Inc. All Rights Reserved.
---------------------------------------------------------------------------------------------------------------------------------------------
| Tool Version : Vivado v.2025.2 (win64) Build 6299465 Fri Nov 14 19:35:11 GMT 2025
| Date         : Mon Sep 28 00:35:00 2026
| Host         : kdesktop running 64-bit major release  (build 9200)
| Command      : report_timing_summary -file C:/ece2/UOS_ece2/lab3/lab3_02_rgb_pwm/evidence/vivado/timing_summary.rpt
| Design       : lab3_rgb_pwm
| Device       : 7s75-fgga484
| Speed File   : -1  PRODUCTION 1.23 2018-06-13
| Design State : Routed
---------------------------------------------------------------------------------------------------------------------------------------------

Timing Summary Report

------------------------------------------------------------------------------------------------
| Timer Settings
| --------------
------------------------------------------------------------------------------------------------

  Enable Multi Corner Analysis               :  Yes
  Enable Pessimism Removal                   :  Yes
  Pessimism Removal Resolution               :  Nearest Common Node
  Enable Input Delay Default Clock           :  No
  Enable Preset / Clear Arcs                 :  No
  Disable Flight Delays                      :  No
  Ignore I/O Paths                           :  No
  Timing Early Launch at Borrowing Latches   :  No
  Borrow Time for Max Delay Exceptions       :  Yes
  Merge Timing Exceptions                    :  Yes
  Inter-SLR Compensation                     :  Conservative

  Corner  Analyze    Analyze    
  Name    Max Paths  Min Paths  
  ------  ---------  ---------  
  Slow    Yes        Yes        
  Fast    Yes        Yes        


------------------------------------------------------------------------------------------------
| Report Methodology
| ------------------
------------------------------------------------------------------------------------------------

Rule       Severity  Description                    Violations  
---------  --------  -----------------------------  ----------  
TIMING-18  Warning   Missing input or output delay  12          

Note: This report is based on the most recent report_methodology run and may not be up-to-date. Run report_methodology on the current design for the latest report.



check_timing report

Table of Contents
-----------------
1. checking no_clock (0)
2. checking constant_clock (0)
3. checking pulse_width_clock (0)
4. checking unconstrained_internal_endpoints (0)
5. checking no_input_delay (4)
6. checking no_output_delay (12)
7. checking multiple_clock (0)
8. checking generated_clocks (0)
9. checking loops (0)
10. checking partial_input_delay (0)
11. checking partial_output_delay (0)
12. checking latch_loops (0)

1. checking no_clock (0)
------------------------
 There are 0 register/latch pins with no clock.


2. checking constant_clock (0)
------------------------------
 There are 0 register/latch pins with constant_clock.


3. checking pulse_width_clock (0)
---------------------------------
 There are 0 register/latch pins which need pulse_width check


4. checking unconstrained_internal_endpoints (0)
------------------------------------------------
 There are 0 pins that are not constrained for maximum delay.

 There are 0 pins that are not constrained for maximum delay due to constant clock.


5. checking no_input_delay (4)
------------------------------
 There are 0 input ports with no input delay specified.

 There are 4 input ports with no input delay but user has a false path constraint. (MEDIUM)


6. checking no_output_delay (12)
--------------------------------
 There are 12 ports with no output delay specified. (HIGH)

 There are 0 ports with no output delay but user has a false path constraint

 There are 0 ports with no output delay but with a timing clock defined on it or propagating through it


7. checking multiple_clock (0)
------------------------------
 There are 0 register/latch pins with multiple clocks.


8. checking generated_clocks (0)
--------------------------------
 There are 0 generated clocks that are not connected to a clock source.


9. checking loops (0)
---------------------
 There are 0 combinational loops in the design.


10. checking partial_input_delay (0)
------------------------------------
 There are 0 input ports with partial input delay specified.


11. checking partial_output_delay (0)
-------------------------------------
 There are 0 ports with partial output delay specified.


12. checking latch_loops (0)
----------------------------
 There are 0 combinational latch loops in the design through latch input



------------------------------------------------------------------------------------------------
| Design Timing Summary
| ---------------------
------------------------------------------------------------------------------------------------

    WNS(ns)      TNS(ns)  TNS Failing Endpoints  TNS Total Endpoints      WHS(ns)      THS(ns)  THS Failing Endpoints  THS Total Endpoints     WPWS(ns)     TPWS(ns)  TPWS Failing Endpoints  TPWS Total Endpoints  
    -------      -------  ---------------------  -------------------      -------      -------  ---------------------  -------------------     --------     --------  ----------------------  --------------------  
      8.623        0.000                      0                  153        0.080        0.000                      0                  153        9.500        0.000                       0                   145  


All user specified timing constraints are met.


------------------------------------------------------------------------------------------------
| Clock Summary
| -------------
------------------------------------------------------------------------------------------------

Clock      Waveform(ns)       Period(ns)      Frequency(MHz)
-----      ------------       ----------      --------------
clk_50mhz  {0.000 10.000}     20.000          50.000          


------------------------------------------------------------------------------------------------
| Intra Clock Table
| -----------------
------------------------------------------------------------------------------------------------

Clock             WNS(ns)      TNS(ns)  TNS Failing Endpoints  TNS Total Endpoints      WHS(ns)      THS(ns)  THS Failing Endpoints  THS Total Endpoints     WPWS(ns)     TPWS(ns)  TPWS Failing Endpoints  TPWS Total Endpoints  
-----             -------      -------  ---------------------  -------------------      -------      -------  ---------------------  -------------------     --------     --------  ----------------------  --------------------  
clk_50mhz           8.623        0.000                      0                  153        0.080        0.000                      0                  153        9.500        0.000                       0                   145  


------------------------------------------------------------------------------------------------
| Inter Clock Table
| -----------------
------------------------------------------------------------------------------------------------

From Clock    To Clock          WNS(ns)      TNS(ns)  TNS Failing Endpoints  TNS Total Endpoints      WHS(ns)      THS(ns)  THS Failing Endpoints  THS Total Endpoints  
----------    --------          -------      -------  ---------------------  -------------------      -------      -------  ---------------------  -------------------  


------------------------------------------------------------------------------------------------
| Other Path Groups Table
| -----------------------
------------------------------------------------------------------------------------------------

Path Group    From Clock    To Clock          WNS(ns)      TNS(ns)  TNS Failing Endpoints  TNS Total Endpoints      WHS(ns)      THS(ns)  THS Failing Endpoints  THS Total Endpoints  
----------    ----------    --------          -------      -------  ---------------------  -------------------      -------      -------  ---------------------  -------------------  


------------------------------------------------------------------------------------------------
| Timing Details
| --------------
------------------------------------------------------------------------------------------------


---------------------------------------------------------------------------------------------------
From Clock:  clk_50mhz
  To Clock:  clk_50mhz

Setup :            0  Failing Endpoints,  Worst Slack        8.623ns,  Total Violation        0.000ns
Hold  :            0  Failing Endpoints,  Worst Slack        0.080ns,  Total Violation        0.000ns
PW    :            0  Failing Endpoints,  Worst Slack        9.500ns,  Total Violation        0.000ns
---------------------------------------------------------------------------------------------------


Max Delay Paths
--------------------------------------------------------------------------------------
Slack (MET) :             8.623ns  (required time - arrival time)
  Source:                 level_g_reg[2]/C
                            (rising edge-triggered cell FDCE clocked by clk_50mhz  {rise@0.000ns fall@10.000ns period=20.000ns})
  Destination:            u_pwm_g/pwm_reg_lopt_replica_3/D
                            (rising edge-triggered cell FDCE clocked by clk_50mhz  {rise@0.000ns fall@10.000ns period=20.000ns})
  Path Group:             clk_50mhz
  Path Type:              Setup (Max at Slow Process Corner)
  Requirement:            20.000ns  (clk_50mhz rise@20.000ns - clk_50mhz rise@0.000ns)
  Data Path Delay:        11.380ns  (logic 3.368ns (29.597%)  route 8.012ns (70.403%))
  Logic Levels:           13  (CARRY4=5 LUT2=1 LUT4=1 LUT6=6)
  Clock Path Skew:        -0.101ns (DCD - SCD + CPR)
    Destination Clock Delay (DCD):    5.314ns = ( 25.314 - 20.000 ) 
    Source Clock Delay      (SCD):    5.609ns
    Clock Pessimism Removal (CPR):    0.195ns
  Clock Uncertainty:      0.035ns  ((TSJ^2 + TIJ^2)^1/2 + DJ) / 2 + PE
    Total System Jitter     (TSJ):    0.071ns
    Total Input Jitter      (TIJ):    0.000ns
    Discrete Jitter          (DJ):    0.000ns
    Phase Error              (PE):    0.000ns

    Location             Delay type                Incr(ns)  Path(ns)    Netlist Resource(s)
  -------------------------------------------------------------------    -------------------
                         (clock clk_50mhz rise edge)
                                                      0.000     0.000 r  
    B6                                                0.000     0.000 r  clk_50mhz (IN)
                         net (fo=0)                   0.000     0.000    clk_50mhz
    B6                   IBUF (Prop_ibuf_I_O)         1.500     1.500 r  clk_50mhz_IBUF_inst/O
                         net (fo=1, routed)           2.315     3.815    clk_50mhz_IBUF
    BUFGCTRL_X0Y16       BUFG (Prop_bufg_I_O)         0.096     3.911 r  clk_50mhz_IBUF_BUFG_inst/O
                         net (fo=144, routed)         1.698     5.609    clk_50mhz_IBUF_BUFG
    SLICE_X81Y107        FDCE                                         r  level_g_reg[2]/C
  -------------------------------------------------------------------    -------------------
    SLICE_X81Y107        FDCE (Prop_fdce_C_Q)         0.419     6.028 r  level_g_reg[2]/Q
                         net (fo=18, routed)          0.916     6.944    u_pwm_g/Q[2]
    SLICE_X80Y105        LUT2 (Prop_lut2_I0_O)        0.296     7.240 r  u_pwm_g/i___1_carry_i_4__0/O
                         net (fo=1, routed)           0.000     7.240    u_pwm_g/i___1_carry_i_4__0_n_0
    SLICE_X80Y105        CARRY4 (Prop_carry4_S[1]_CO[3])
                                                      0.533     7.773 r  u_pwm_g/threshold1_inferred__0/i___1_carry/CO[3]
                         net (fo=1, routed)           0.000     7.773    u_pwm_g/threshold1_inferred__0/i___1_carry_n_0
    SLICE_X80Y106        CARRY4 (Prop_carry4_CI_CO[3])
                                                      0.117     7.890 r  u_pwm_g/threshold1_inferred__0/i___1_carry__0/CO[3]
                         net (fo=1, routed)           0.000     7.890    u_pwm_g/threshold1_inferred__0/i___1_carry__0_n_0
    SLICE_X80Y107        CARRY4 (Prop_carry4_CI_O[1])
                                                      0.323     8.213 r  u_pwm_g/threshold1_inferred__0/i___1_carry__1/O[1]
                         net (fo=5, routed)           1.207     9.420    u_pwm_g/threshold1_inferred__0/i___1_carry__1_n_6
    SLICE_X81Y106        LUT6 (Prop_lut6_I5_O)        0.306     9.726 r  u_pwm_g/pwm0_carry__0_i_18__0/O
                         net (fo=4, routed)           0.835    10.561    u_pwm_g/pwm0_carry__0_i_18__0_n_0
    SLICE_X78Y105        LUT6 (Prop_lut6_I0_O)        0.124    10.685 r  u_pwm_g/pwm0_carry__0_i_20__0/O
                         net (fo=3, routed)           0.734    11.419    u_pwm_g/pwm0_carry__0_i_20__0_n_0
    SLICE_X79Y105        LUT6 (Prop_lut6_I0_O)        0.124    11.543 r  u_pwm_g/pwm0_carry_i_19__0/O
                         net (fo=3, routed)           0.834    12.377    u_pwm_g/pwm0_carry_i_19__0_n_0
    SLICE_X81Y104        LUT6 (Prop_lut6_I0_O)        0.124    12.501 r  u_pwm_g/pwm0_carry_i_22__0/O
                         net (fo=3, routed)           0.831    13.332    u_pwm_g/pwm0_carry_i_22__0_n_0
    SLICE_X81Y103        LUT6 (Prop_lut6_I0_O)        0.124    13.456 r  u_pwm_g/pwm0_carry_i_26__0/O
                         net (fo=2, routed)           0.996    14.452    u_pwm_g/pwm0_carry_i_26__0_n_0
    SLICE_X81Y103        LUT6 (Prop_lut6_I2_O)        0.124    14.576 r  u_pwm_g/pwm0_carry_i_17__0/O
                         net (fo=2, routed)           0.609    15.185    u_pwm_g/pwm0_carry_i_17__0_n_0
    SLICE_X84Y103        LUT4 (Prop_lut4_I2_O)        0.124    15.309 r  u_pwm_g/pwm0_carry_i_8__0/O
                         net (fo=1, routed)           0.000    15.309    u_pwm_g/pwm0_carry_i_8__0_n_0
    SLICE_X84Y103        CARRY4 (Prop_carry4_S[0]_CO[3])
                                                      0.513    15.822 r  u_pwm_g/pwm0_carry/CO[3]
                         net (fo=1, routed)           0.000    15.822    u_pwm_g/pwm0_carry_n_0
    SLICE_X84Y104        CARRY4 (Prop_carry4_CI_CO[3])
                                                      0.117    15.939 r  u_pwm_g/pwm0_carry__0/CO[3]
                         net (fo=4, routed)           1.050    16.989    u_pwm_g/p_0_in
    SLICE_X85Y99         FDCE                                         r  u_pwm_g/pwm_reg_lopt_replica_3/D
  -------------------------------------------------------------------    -------------------

                         (clock clk_50mhz rise edge)
                                                     20.000    20.000 r  
    B6                                                0.000    20.000 r  clk_50mhz (IN)
                         net (fo=0)                   0.000    20.000    clk_50mhz
    B6                   IBUF (Prop_ibuf_I_O)         1.429    21.429 r  clk_50mhz_IBUF_inst/O
                         net (fo=1, routed)           2.196    23.625    clk_50mhz_IBUF
    BUFGCTRL_X0Y16       BUFG (Prop_bufg_I_O)         0.091    23.716 r  clk_50mhz_IBUF_BUFG_inst/O
                         net (fo=144, routed)         1.597    25.314    u_pwm_g/CLK
    SLICE_X85Y99         FDCE                                         r  u_pwm_g/pwm_reg_lopt_replica_3/C
                         clock pessimism              0.195    25.509    
                         clock uncertainty           -0.035    25.473    
    SLICE_X85Y99         FDCE (Setup_fdce_C_D)        0.138    25.611    u_pwm_g/pwm_reg_lopt_replica_3
  -------------------------------------------------------------------
                         required time                         25.611    
                         arrival time                         -16.989    
  -------------------------------------------------------------------
                         slack                                  8.623    





Min Delay Paths
--------------------------------------------------------------------------------------
Slack (MET) :             0.080ns  (arrival time - required time)
  Source:                 u_pwm_b/count_reg[12]/C
                            (rising edge-triggered cell FDCE clocked by clk_50mhz  {rise@0.000ns fall@10.000ns period=20.000ns})
  Destination:            u_pwm_b/pwm_reg/D
                            (rising edge-triggered cell FDCE clocked by clk_50mhz  {rise@0.000ns fall@10.000ns period=20.000ns})
  Path Group:             clk_50mhz
  Path Type:              Hold (Min at Fast Process Corner)
  Requirement:            0.000ns  (clk_50mhz rise@0.000ns - clk_50mhz rise@0.000ns)
  Data Path Delay:        0.488ns  (logic 0.326ns (66.752%)  route 0.162ns (33.248%))
  Logic Levels:           2  (CARRY4=1 LUT5=1)
  Clock Path Skew:        0.278ns (DCD - SCD - CPR)
    Destination Clock Delay (DCD):    2.229ns
    Source Clock Delay      (SCD):    1.697ns
    Clock Pessimism Removal (CPR):    0.254ns

    Location             Delay type                Incr(ns)  Path(ns)    Netlist Resource(s)
  -------------------------------------------------------------------    -------------------
                         (clock clk_50mhz rise edge)
                                                      0.000     0.000 r  
    B6                                                0.000     0.000 r  clk_50mhz (IN)
                         net (fo=0)                   0.000     0.000    clk_50mhz
    B6                   IBUF (Prop_ibuf_I_O)         0.268     0.268 r  clk_50mhz_IBUF_inst/O
                         net (fo=1, routed)           0.808     1.075    clk_50mhz_IBUF
    BUFGCTRL_X0Y16       BUFG (Prop_bufg_I_O)         0.026     1.101 r  clk_50mhz_IBUF_BUFG_inst/O
                         net (fo=144, routed)         0.596     1.697    u_pwm_b/CLK
    SLICE_X83Y100        FDCE                                         r  u_pwm_b/count_reg[12]/C
  -------------------------------------------------------------------    -------------------
    SLICE_X83Y100        FDCE (Prop_fdce_C_Q)         0.128     1.825 f  u_pwm_b/count_reg[12]/Q
                         net (fo=4, routed)           0.162     1.987    u_pwm_b/count_reg_n_0_[12]
    SLICE_X83Y98         LUT5 (Prop_lut5_I1_O)        0.104     2.091 r  u_pwm_b/pwm0_carry__0_i_2__1/O
                         net (fo=1, routed)           0.000     2.091    u_pwm_b/pwm0_carry__0_i_2__1_n_0
    SLICE_X83Y98         CARRY4 (Prop_carry4_DI[2]_CO[3])
                                                      0.094     2.185 r  u_pwm_b/pwm0_carry__0/CO[3]
                         net (fo=4, routed)           0.000     2.185    u_pwm_b/p_0_in
    SLICE_X83Y98         FDCE                                         r  u_pwm_b/pwm_reg/D
  -------------------------------------------------------------------    -------------------

                         (clock clk_50mhz rise edge)
                                                      0.000     0.000 r  
    B6                                                0.000     0.000 r  clk_50mhz (IN)
                         net (fo=0)                   0.000     0.000    clk_50mhz
    B6                   IBUF (Prop_ibuf_I_O)         0.456     0.456 r  clk_50mhz_IBUF_inst/O
                         net (fo=1, routed)           0.871     1.327    clk_50mhz_IBUF
    BUFGCTRL_X0Y16       BUFG (Prop_bufg_I_O)         0.029     1.356 r  clk_50mhz_IBUF_BUFG_inst/O
                         net (fo=144, routed)         0.874     2.229    u_pwm_b/CLK
    SLICE_X83Y98         FDCE                                         r  u_pwm_b/pwm_reg/C
                         clock pessimism             -0.254     1.975    
    SLICE_X83Y98         FDCE (Hold_fdce_C_D)         0.130     2.105    u_pwm_b/pwm_reg
  -------------------------------------------------------------------
                         required time                         -2.105    
                         arrival time                           2.185    
  -------------------------------------------------------------------
                         slack                                  0.080    





Pulse Width Checks
--------------------------------------------------------------------------------------
Clock Name:         clk_50mhz
Waveform(ns):       { 0.000 10.000 }
Period(ns):         20.000
Sources:            { clk_50mhz }

Check Type        Corner  Lib Pin  Reference Pin  Required(ns)  Actual(ns)  Slack(ns)  Location        Pin
Min Period        n/a     BUFG/I   n/a            2.155         20.000      17.845     BUFGCTRL_X0Y16  clk_50mhz_IBUF_BUFG_inst/I
Low Pulse Width   Slow    FDCE/C   n/a            0.500         10.000      9.500      SLICE_X78Y96    level_b_reg[0]/C
High Pulse Width  Slow    FDCE/C   n/a            0.500         10.000      9.500      SLICE_X78Y96    level_b_reg[0]/C



